Component: ARM Compiler 5.06 update 6 (build 750) Tool: armlink [4d35ed]

==============================================================================

Section Cross References

    system_stm32f10x.o(i.SetSysClock) refers to system_stm32f10x.o(i.SetSysClockTo72) for SetSysClockTo72
    system_stm32f10x.o(i.SystemCoreClockUpdate) refers to system_stm32f10x.o(.data) for SystemCoreClock
    system_stm32f10x.o(i.SystemInit) refers to system_stm32f10x.o(i.SetSysClock) for SetSysClock
    main.o(i.Gizwits_Init) refers to timer.o(i.TIM3_Int_Init) for TIM3_Int_Init
    main.o(i.Gizwits_Init) refers to usart3.o(i.usart3_init) for usart3_init
    main.o(i.Gizwits_Init) refers to rt_memclr.o(.text) for __aeabi_memclr
    main.o(i.Gizwits_Init) refers to gizwits_protocol.o(i.gizwitsInit) for gizwitsInit
    main.o(i.Gizwits_Init) refers to main.o(.bss) for currentDataPoint
    main.o(i.main) refers to main.o(i.show_init) for show_init
    main.o(i.show_init) refers to delay.o(i.delay_init) for delay_init
    main.o(i.show_init) refers to misc.o(i.NVIC_PriorityGroupConfig) for NVIC_PriorityGroupConfig
    main.o(i.show_init) refers to usart.o(i.uart_init) for uart_init
    main.o(i.show_init) refers to led.o(i.LED_Init) for LED_Init
    main.o(i.show_init) refers to lcd_init.o(i.LCD_Init) for LCD_Init
    main.o(i.show_init) refers to adc.o(i.Adc_Init) for Adc_Init
    main.o(i.show_init) refers to dac.o(i.Dac1_Init) for Dac1_Init
    main.o(i.show_init) refers to key.o(i.KEY_Init) for KEY_Init
    main.o(i.show_init) refers to main.o(i.Gizwits_Init) for Gizwits_Init
    main.o(i.show_init) refers to lcd.o(i.LCD_Fill) for LCD_Fill
    main.o(i.show_init) refers to lcd.o(i.LCD_ShowString) for LCD_ShowString
    main.o(i.show_init) refers to stm32f10x_dac.o(i.DAC_SetChannel1Data) for DAC_SetChannel1Data
    main.o(i.show_init) refers to noretval__2printf.o(.text) for __2printf
    main.o(i.show_init) refers to key.o(i.KEY_Scan) for KEY_Scan
    main.o(i.show_init) refers to stm32f10x_dac.o(i.DAC_GetDataOutputValue) for DAC_GetDataOutputValue
    main.o(i.show_init) refers to fflt_clz.o(x$fpl$ffltu) for __aeabi_ui2f
    main.o(i.show_init) refers to f2d.o(x$fpl$f2d) for __aeabi_f2d
    main.o(i.show_init) refers to dmul.o(x$fpl$dmul) for __aeabi_dmul
    main.o(i.show_init) refers to d2f.o(x$fpl$d2f) for __aeabi_d2f
    main.o(i.show_init) refers to lcd.o(i.LCD_ShowFloatNum1) for LCD_ShowFloatNum1
    main.o(i.show_init) refers to adc.o(i.Get_Adc_Average) for Get_Adc_Average
    main.o(i.show_init) refers to gizwits_protocol.o(i.gizwitsHandle) for gizwitsHandle
    main.o(i.show_init) refers to main.o(.data) for wifi_sta
    main.o(i.show_init) refers to main.o(.bss) for currentDataPoint
    led.o(i.LED_Init) refers to stm32f10x_rcc.o(i.RCC_APB2PeriphClockCmd) for RCC_APB2PeriphClockCmd
    led.o(i.LED_Init) refers to stm32f10x_gpio.o(i.GPIO_Init) for GPIO_Init
    led.o(i.LED_Init) refers to stm32f10x_gpio.o(i.GPIO_SetBits) for GPIO_SetBits
    lcd_init.o(i.LCD_Address_Set) refers to lcd_init.o(i.LCD_WR_REG) for LCD_WR_REG
    lcd_init.o(i.LCD_Address_Set) refers to lcd_init.o(i.LCD_WR_DATA) for LCD_WR_DATA
    lcd_init.o(i.LCD_GPIO_Init) refers to stm32f10x_rcc.o(i.RCC_APB2PeriphClockCmd) for RCC_APB2PeriphClockCmd
    lcd_init.o(i.LCD_GPIO_Init) refers to stm32f10x_gpio.o(i.GPIO_Init) for GPIO_Init
    lcd_init.o(i.LCD_GPIO_Init) refers to stm32f10x_gpio.o(i.GPIO_SetBits) for GPIO_SetBits
    lcd_init.o(i.LCD_Init) refers to lcd_init.o(i.LCD_GPIO_Init) for LCD_GPIO_Init
    lcd_init.o(i.LCD_Init) refers to stm32f10x_gpio.o(i.GPIO_ResetBits) for GPIO_ResetBits
    lcd_init.o(i.LCD_Init) refers to delay.o(i.delay_ms) for delay_ms
    lcd_init.o(i.LCD_Init) refers to stm32f10x_gpio.o(i.GPIO_SetBits) for GPIO_SetBits
    lcd_init.o(i.LCD_Init) refers to lcd_init.o(i.LCD_WR_REG) for LCD_WR_REG
    lcd_init.o(i.LCD_Init) refers to lcd_init.o(i.LCD_WR_DATA8) for LCD_WR_DATA8
    lcd_init.o(i.LCD_WR_DATA) refers to lcd_init.o(i.LCD_Writ_Bus) for LCD_Writ_Bus
    lcd_init.o(i.LCD_WR_DATA8) refers to lcd_init.o(i.LCD_Writ_Bus) for LCD_Writ_Bus
    lcd_init.o(i.LCD_WR_REG) refers to stm32f10x_gpio.o(i.GPIO_ResetBits) for GPIO_ResetBits
    lcd_init.o(i.LCD_WR_REG) refers to lcd_init.o(i.LCD_Writ_Bus) for LCD_Writ_Bus
    lcd_init.o(i.LCD_WR_REG) refers to stm32f10x_gpio.o(i.GPIO_SetBits) for GPIO_SetBits
    lcd_init.o(i.LCD_Writ_Bus) refers to stm32f10x_gpio.o(i.GPIO_ResetBits) for GPIO_ResetBits
    lcd_init.o(i.LCD_Writ_Bus) refers to stm32f10x_gpio.o(i.GPIO_SetBits) for GPIO_SetBits
    lcd.o(i.Draw_Circle) refers to lcd.o(i.LCD_DrawPoint) for LCD_DrawPoint
    lcd.o(i.LCD_DrawLine) refers to lcd.o(i.LCD_DrawPoint) for LCD_DrawPoint
    lcd.o(i.LCD_DrawPoint) refers to lcd_init.o(i.LCD_Address_Set) for LCD_Address_Set
    lcd.o(i.LCD_DrawPoint) refers to lcd_init.o(i.LCD_WR_DATA) for LCD_WR_DATA
    lcd.o(i.LCD_DrawRectangle) refers to lcd.o(i.LCD_DrawLine) for LCD_DrawLine
[...]
    .text                                    0x080005ca   Section        0  _printf_intcommon.o(.text)
    .text                                    0x0800067c   Section        0  _printf_char_file.o(.text)
    .text                                    0x080006a0   Section       78  rt_memclr_w.o(.text)
    .text                                    0x080006f0   Section        0  _printf_char_common.o(.text)
    _printf_input_char                       0x080006f1   Thumb Code    10  _printf_char_common.o(.text)
    .text                                    0x08000720   Section        0  ferror.o(.text)
    .text                                    0x08000728   Section        8  libspace.o(.text)
    .text                                    0x08000730   Section       74  sys_stackheap_outer.o(.text)
    .text                                    0x0800077a   Section        0  exit.o(.text)
    i.ADC_Cmd                                0x0800078c   Section        0  stm32f10x_adc.o(i.ADC_Cmd)
    i.ADC_DeInit                             0x080007a4   Section        0  stm32f10x_adc.o(i.ADC_DeInit)
    i.ADC_GetCalibrationStatus               0x08000800   Section        0  stm32f10x_adc.o(i.ADC_GetCalibrationStatus)
    i.ADC_GetConversionValue                 0x08000814   Section        0  stm32f10x_adc.o(i.ADC_GetConversionValue)
    i.ADC_GetFlagStatus                      0x0800081c   Section        0  stm32f10x_adc.o(i.ADC_GetFlagStatus)
    i.ADC_GetResetCalibrationStatus          0x0800082e   Section        0  stm32f10x_adc.o(i.ADC_GetResetCalibrationStatus)
    i.ADC_Init                               0x08000844   Section        0  stm32f10x_adc.o(i.ADC_Init)
    i.ADC_RegularChannelConfig               0x08000894   Section        0  stm32f10x_adc.o(i.ADC_RegularChannelConfig)
    i.ADC_ResetCalibration                   0x0800094c   Section        0  stm32f10x_adc.o(i.ADC_ResetCalibration)
    i.ADC_SoftwareStartConvCmd               0x08000956   Section        0  stm32f10x_adc.o(i.ADC_SoftwareStartConvCmd)
    i.ADC_StartCalibration                   0x0800096c   Section        0  stm32f10x_adc.o(i.ADC_StartCalibration)
    i.Adc_Init                               0x08000978   Section        0  adc.o(i.Adc_Init)
    i.BusFault_Handler                       0x08000a04   Section        0  stm32f10x_it.o(i.BusFault_Handler)
    i.DAC_Cmd                                0x08000a08   Section        0  stm32f10x_dac.o(i.DAC_Cmd)
    i.DAC_GetDataOutputValue                 0x08000a30   Section        0  stm32f10x_dac.o(i.DAC_GetDataOutputValue)
    i.DAC_Init                               0x08000a54   Section        0  stm32f10x_dac.o(i.DAC_Init)
    i.DAC_SetChannel1Data                    0x08000a88   Section        0  stm32f10x_dac.o(i.DAC_SetChannel1Data)
    i.Dac1_Init                              0x08000aa8   Section        0  dac.o(i.Dac1_Init)
    i.DebugMon_Handler                       0x08000b0c   Section        0  stm32f10x_it.o(i.DebugMon_Handler)
    i.GPIO_Init                              0x08000b0e   Section        0  stm32f10x_gpio.o(i.GPIO_Init)
    i.GPIO_PinRemapConfig                    0x08000c24   Section        0  stm32f10x_gpio.o(i.GPIO_PinRemapConfig)
    i.GPIO_ReadInputDataBit                  0x08000cb4   Section        0  stm32f10x_gpio.o(i.GPIO_ReadInputDataBit)
    i.GPIO_ResetBits                         0x08000cc6   Section        0  stm32f10x_gpio.o(i.GPIO_ResetBits)
    i.GPIO_SetBits                           0x08000cca   Section        0  stm32f10x_gpio.o(i.GPIO_SetBits)
    i.Get_Adc                                0x08000cd0   Section        0  adc.o(i.Get_Adc)
    i.Get_Adc_Average                        0x08000d04   Section        0  adc.o(i.Get_Adc_Average)
    i.Gizwits_Init                           0x08000d34   Section        0  main.o(i.Gizwits_Init)
    i.HardFault_Handler                      0x08000d5c   Section        0  stm32f10x_it.o(i.HardFault_Handler)
    i.KEY_Init                               0x08000d60   Section        0  key.o(i.KEY_Init)
    i.KEY_Scan                               0x08000d90   Section        0  key.o(i.KEY_Scan)
    i.LCD_Address_Set                        0x08000e08   Section        0  lcd_init.o(i.LCD_Address_Set)
    i.LCD_DrawPoint                          0x08000e4a   Section        0  lcd.o(i.LCD_DrawPoint)
    i.LCD_Fill                               0x08000e66   Section        0  lcd.o(i.LCD_Fill)
    i.LCD_GPIO_Init                          0x08000eb0   Section        0  lcd_init.o(i.LCD_GPIO_Init)
    i.LCD_Init                               0x08000f1c   Section        0  lcd_init.o(i.LCD_Init)
    i.LCD_ShowChar                           0x08001118   Section        0  lcd.o(i.LCD_ShowChar)
    i.LCD_ShowFloatNum1                      0x08001270   Section        0  lcd.o(i.LCD_ShowFloatNum1)
    i.LCD_ShowString                         0x08001314   Section        0  lcd.o(i.LCD_ShowString)
    i.LCD_WR_DATA                            0x08001356   Section        0  lcd_init.o(i.LCD_WR_DATA)
    i.LCD_WR_DATA8                           0x08001368   Section        0  lcd_init.o(i.LCD_WR_DATA8)
    i.LCD_WR_REG                             0x08001374   Section        0  lcd_init.o(i.LCD_WR_REG)
    i.LCD_Writ_Bus                           0x08001394   Section        0  lcd_init.o(i.LCD_Writ_Bus)
    i.LED_Init                               0x080013f4   Section        0  led.o(i.LED_Init)
    i.MemManage_Handler                      0x0800142c   Section        0  stm32f10x_it.o(i.MemManage_Handler)
    i.NMI_Handler                            0x08001430   Section        0  stm32f10x_it.o(i.NMI_Handler)
    i.NVIC_Init                              0x08001434   Section        0  misc.o(i.NVIC_Init)
    i.NVIC_PriorityGroupConfig               0x080014a4   Section        0  misc.o(i.NVIC_PriorityGroupConfig)
    i.PendSV_Handler                         0x080014b8   Section        0  stm32f10x_it.o(i.PendSV_Handler)
    i.RCC_ADCCLKConfig                       0x080014bc   Section        0  stm32f10x_rcc.o(i.RCC_ADCCLKConfig)
    i.RCC_APB1PeriphClockCmd                 0x080014d4   Section        0  stm32f10x_rcc.o(i.RCC_APB1PeriphClockCmd)
    i.RCC_APB1PeriphResetCmd                 0x080014f4   Section        0  stm32f10x_rcc.o(i.RCC_APB1PeriphResetCmd)
    i.RCC_APB2PeriphClockCmd                 0x08001514   Section        0  stm32f10x_rcc.o(i.RCC_APB2PeriphClockCmd)
    i.RCC_APB2PeriphResetCmd                 0x08001534   Section        0  stm32f10x_rcc.o(i.RCC_APB2PeriphResetCmd)
    i.RCC_GetClocksFreq                      0x08001554   Section        0  stm32f10x_rcc.o(i.RCC_GetClocksFreq)
    i.SVC_Handler                            0x08001628   Section        0  stm32f10x_it.o(i.SVC_Handler)
    i.SetSysClock                            0x0800162a   Section        0  system_stm32f10x.o(i.SetSysClock)
    SetSysClock                              0x0800162b   Thumb Code     8  system_stm32f10x.o(i.SetSysClock)
    i.SetSysClockTo72                        0x08001634   Section        0  system_stm32f10x.o(i.SetSysClockTo72)
    SetSysClockTo72                          0x08001635   Thumb Code   214  system_stm32f10x.o(i.SetSysClockTo72)
    i.SysTick_CLKSourceConfig                0x08001714   Section        0  misc.o(i.SysTick_CLKSourceConfig)
    i.SysTick_Handler                        0x0800173c   Section        0  stm32f10x_it.o(i.SysTick_Handler)
    i.SystemInit                             0x08001740   Section        0  system_stm32f10x.o(i.SystemInit)
    i.TIM3_IRQHandler                        0x080017a0   Section        0  timer.o(i.TIM3_IRQHandler)
    i.TIM3_Int_Init                          0x080017c0   Section        0  timer.o(i.TIM3_Int_Init)
    i.TIM_ClearITPendingBit                  0x08001820   Section        0  stm32f10x_tim.o(i.TIM_ClearITPendingBit)
    i.TIM_Cmd                                0x08001826   Section        0  stm32f10x_tim.o(i.TIM_Cmd)
    i.TIM_GetITStatus                        0x0800183e   Section        0  stm32f10x_tim.o(i.TIM_GetITStatus)
    i.TIM_ITConfig                           0x08001860   Section        0  stm32f10x_tim.o(i.TIM_ITConfig)
    i.TIM_TimeBaseInit                       0x08001874   Section        0  stm32f10x_tim.o(i.TIM_TimeBaseInit)
    i.USART1_IRQHandler                      0x08001918   Section        0  usart.o(i.USART1_IRQHandler)
    i.USART3_IRQHandler                      0x080019a0   Section        0  usart3.o(i.USART3_IRQHandler)
    i.USART_Cmd                              0x080019c8   Section        0  stm32f10x_usart.o(i.USART_Cmd)
    i.USART_DeInit                           0x080019e0   Section        0  stm32f10x_usart.o(i.USART_DeInit)
    i.USART_GetFlagStatus                    0x08001a7c   Section        0  stm32f10x_usart.o(i.USART_GetFlagStatus)
    i.USART_GetITStatus                      0x08001a96   Section        0  stm32f10x_usart.o(i.USART_GetITStatus)
    i.USART_ITConfig                         0x08001aea   Section        0  stm32f10x_usart.o(i.USART_ITConfig)
    i.USART_Init                             0x08001b34   Section        0  stm32f10x_usart.o(i.USART_Init)
    i.USART_ReceiveData                      0x08001c0c   Section        0  stm32f10x_usart.o(i.USART_ReceiveData)
    i.USART_SendData                         0x08001c16   Section        0  stm32f10x_usart.o(i.USART_SendData)
    i.UsageFault_Handler                     0x08001c1e   Section        0  stm32f10x_it.o(i.UsageFault_Handler)
    i._is_digit                              0x08001c22   Section        0  __printf_wp.o(i._is_digit)
    i._sys_exit                              0x08001c30   Section        0  usart.o(i._sys_exit)
    i.delay_init                             0x08001c34   Section        0  delay.o(i.delay_init)
    i.delay_ms                               0x08001c78   Section        0  delay.o(i.delay_ms)
    i.exchangeBytes                          0x08001cc4   Section        0  common.o(i.exchangeBytes)
    i.exchangeWord                           0x08001cde   Section        0  common.o(i.exchangeWord)
    i.fputc                                  0x08001cf8   Section        0  usart.o(i.fputc)
    i.gizAcrossByteJudge                     0x08001d14   Section        0  datapointtools.o(i.gizAcrossByteJudge)
    i.gizByteOrderExchange                   0x08001d3e   Section        0  datapointtools.o(i.gizByteOrderExchange)
    i.gizCheckReport                         0x08001d70   Section        0  gizwits_protocol.o(i.gizCheckReport)
    gizCheckReport                           0x08001d71   Thumb Code   270  gizwits_protocol.o(i.gizCheckReport)
    i.gizDataPoint2Event                     0x08001fb4   Section        0  gizwits_protocol.o(i.gizDataPoint2Event)
    gizDataPoint2Event                       0x08001fb5   Thumb Code   366  gizwits_protocol.o(i.gizDataPoint2Event)
    i.gizDataPoints2ReportData               0x08002150   Section        0  gizwits_protocol.o(i.gizDataPoints2ReportData)
    gizDataPoints2ReportData                 0x08002151   Thumb Code   212  gizwits_protocol.o(i.gizDataPoints2ReportData)
    i.gizDevReportPolicy                     0x08002258   Section        0  gizwits_protocol.o(i.gizDevReportPolicy)
    gizDevReportPolicy                       0x08002259   Thumb Code   128  gizwits_protocol.o(i.gizDevReportPolicy)
    i.gizGetTimerCount                       0x08002314   Section        0  gizwits_product.o(i.gizGetTimerCount)
    i.gizProtocolAckHandle                   0x08002320   Section        0  gizwits_protocol.o(i.gizProtocolAckHandle)
    gizProtocolAckHandle                     0x08002321   Thumb Code    94  gizwits_protocol.o(i.gizProtocolAckHandle)
    i.gizProtocolCommonAck                   0x080023ac   Section        0  gizwits_protocol.o(i.gizProtocolCommonAck)
    gizProtocolCommonAck                     0x080023ad   Thumb Code    86  gizwits_protocol.o(i.gizProtocolCommonAck)
    i.gizProtocolErrorCmd                    0x0800244c   Section        0  gizwits_protocol.o(i.gizProtocolErrorCmd)
    gizProtocolErrorCmd                      0x0800244d   Thumb Code    90  gizwits_protocol.o(i.gizProtocolErrorCmd)
    i.gizProtocolGetDeviceInfo               0x080024f0   Section        0  gizwits_protocol.o(i.gizProtocolGetDeviceInfo)
    gizProtocolGetDeviceInfo                 0x080024f1   Thumb Code   182  gizwits_protocol.o(i.gizProtocolGetDeviceInfo)
    i.gizProtocolGetOnePacket                0x0800266c   Section        0  gizwits_protocol.o(i.gizProtocolGetOnePacket)
    gizProtocolGetOnePacket                  0x0800266d   Thumb Code   358  gizwits_protocol.o(i.gizProtocolGetOnePacket)
    i.gizProtocolHeadInit                    0x08002814   Section        0  gizwits_protocol.o(i.gizProtocolHeadInit)
    gizProtocolHeadInit                      0x08002815   Thumb Code    34  gizwits_protocol.o(i.gizProtocolHeadInit)
    i.gizProtocolIssuedDataAck               0x08002864   Section        0  gizwits_protocol.o(i.gizProtocolIssuedDataAck)
    gizProtocolIssuedDataAck                 0x08002865   Thumb Code   226  gizwits_protocol.o(i.gizProtocolIssuedDataAck)
    i.gizProtocolIssuedProcess               0x080029a0   Section        0  gizwits_protocol.o(i.gizProtocolIssuedProcess)
    gizProtocolIssuedProcess                 0x080029a1   Thumb Code   220  gizwits_protocol.o(i.gizProtocolIssuedProcess)
    i.gizProtocolModuleInfoHandle            0x08002ab0   Section        0  gizwits_protocol.o(i.gizProtocolModuleInfoHandle)
    gizProtocolModuleInfoHandle              0x08002ab1   Thumb Code    66  gizwits_protocol.o(i.gizProtocolModuleInfoHandle)
    i.gizProtocolModuleStatus                0x08002b0c   Section        0  gizwits_protocol.o(i.gizProtocolModuleStatus)
    gizProtocolModuleStatus                  0x08002b0d   Thumb Code   816  gizwits_protocol.o(i.gizProtocolModuleStatus)
    i.gizProtocolNTP                         0x08003010   Section        0  gizwits_protocol.o(i.gizProtocolNTP)
    gizProtocolNTP                           0x08003011   Thumb Code   112  gizwits_protocol.o(i.gizProtocolNTP)
    i.gizProtocolReboot                      0x08003098   Section        0  gizwits_protocol.o(i.gizProtocolReboot)
    gizProtocolReboot                        0x08003099   Thumb Code    28  gizwits_protocol.o(i.gizProtocolReboot)
    i.gizProtocolResendData                  0x080030b4   Section        0  gizwits_protocol.o(i.gizProtocolResendData)
    gizProtocolResendData                    0x080030b5   Thumb Code    64  gizwits_protocol.o(i.gizProtocolResendData)
    i.gizProtocolSum                         0x08003130   Section        0  common.o(i.gizProtocolSum)
    i.gizProtocolWaitAck                     0x08003158   Section        0  gizwits_protocol.o(i.gizProtocolWaitAck)
    gizProtocolWaitAck                       0x08003159   Thumb Code    70  gizwits_protocol.o(i.gizProtocolWaitAck)
    i.gizProtocolWaitAckCheck                0x080031bc   Section        0  gizwits_protocol.o(i.gizProtocolWaitAckCheck)
    gizProtocolWaitAckCheck                  0x080031bd   Thumb Code    44  gizwits_protocol.o(i.gizProtocolWaitAckCheck)
    i.gizPutData                             0x08003204   Section        0  gizwits_protocol.o(i.gizPutData)
    i.gizReportData                          0x08003278   Section        0  gizwits_protocol.o(i.gizReportData)
    gizReportData                            0x08003279   Thumb Code   142  gizwits_protocol.o(i.gizReportData)
    i.gizStandardCompressValue               0x08003350   Section        0  datapointtools.o(i.gizStandardCompressValue)
    i.gizStandardDecompressionValue          0x080033d0   Section        0  datapointtools.o(i.gizStandardDecompressionValue)
    i.gizTimerMs                             0x08003494   Section        0  gizwits_product.o(i.gizTimerMs)
    i.gizY2X                                 0x080034a4   Section        0  datapointtools.o(i.gizY2X)
    i.gizY2XFloat                            0x080034b2   Section        0  datapointtools.o(i.gizY2XFloat)
    i.gizwitsEventProcess                    0x080034dc   Section        0  gizwits_product.o(i.gizwitsEventProcess)
    i.gizwitsHandle                          0x0800374c   Section        0  gizwits_protocol.o(i.gizwitsHandle)
    i.gizwitsInit                            0x08003a64   Section        0  gizwits_protocol.o(i.gizwitsInit)
    i.main                                   0x08003ac8   Section        0  main.o(i.main)
    i.mcuRestart                             0x08003acc   Section        0  gizwits_product.o(i.mcuRestart)
    i.mypow                                  0x08003afc   Section        0  lcd.o(i.mypow)
    i.rbCanRead                              0x08003b12   Section        0  ringbuffer.o(i.rbCanRead)
    i.rbCanWrite                             0x08003b4a   Section        0  ringbuffer.o(i.rbCanWrite)
    i.rbCapacity                             0x08003b68   Section        0  ringbuffer.o(i.rbCapacity)
    i.rbCreate                               0x08003b76   Section        0  ringbuffer.o(i.rbCreate)
    i.rbRead                                 0x08003b8c   Section        0  ringbuffer.o(i.rbRead)
    i.rbWrite                                0x08003c2e   Section        0  ringbuffer.o(i.rbWrite)
    i.show_init                              0x08003cc8   Section        0  main.o(i.show_init)
    i.uartWrite                              0x08003f44   Section        0  gizwits_product.o(i.uartWrite)
    i.uart_init                              0x08003f9c   Section        0  usart.o(i.uart_init)
    i.usart3_init                            0x0800403c   Section        0  usart3.o(i.usart3_init)
    x$fpl$d2f                                0x080040ec   Section       98  d2f.o(x$fpl$d2f)
    x$fpl$dmul                               0x08004150   Section      340  dmul.o(x$fpl$dmul)
    x$fpl$dnaninf                            0x080042a4   Section      156  dnaninf.o(x$fpl$dnaninf)
    x$fpl$dretinf                            0x08004340   Section       12  dretinf.o(x$fpl$dretinf)
    x$fpl$f2d                                0x0800434c   Section       86  f2d.o(x$fpl$f2d)
    x$fpl$fadd                               0x080043a4   Section      196  faddsub_clz.o(x$fpl$fadd)
    _fadd1                                   0x080043b3   Thumb Code     0  faddsub_clz.o(x$fpl$fadd)
    x$fpl$fcmpinf                            0x08004468   Section       24  fcmpi.o(x$fpl$fcmpinf)
    x$fpl$fdiv                               0x08004480   Section      388  fdiv.o(x$fpl$fdiv)
    _fdiv1                                   0x08004481   Thumb Code     0  fdiv.o(x$fpl$fdiv)
    x$fpl$feqf                               0x08004604   Section      104  feqf.o(x$fpl$feqf)
    x$fpl$ffixu                              0x0800466c   Section       62  ffixu.o(x$fpl$ffixu)
    x$fpl$ffltu                              0x080046ac   Section       38  fflt_clz.o(x$fpl$ffltu)
    x$fpl$fmul                               0x080046d4   Section      258  fmul.o(x$fpl$fmul)
    x$fpl$fnaninf                            0x080047d6   Section      140  fnaninf.o(x$fpl$fnaninf)
    x$fpl$fretinf                            0x08004862   Section       10  fretinf.o(x$fpl$fretinf)
    x$fpl$fsub                               0x0800486c   Section      234  faddsub_clz.o(x$fpl$fsub)
    _fsub1                                   0x0800487b   Thumb Code     0  faddsub_clz.o(x$fpl$fsub)
    .constdata                               0x08004956   Section    14620  lcd.o(.constdata)
    x$fpl$usenofp                            0x08004956   Section        0  usenofp.o(x$fpl$usenofp)
    .constdata                               0x08008272   Section       40  _printf_hex_int.o(.constdata)
    uc_hextab                                0x08008272   Data          20  _printf_hex_int.o(.constdata)
    lc_hextab                                0x08008286   Data          20  _printf_hex_int.o(.constdata)
    .constdata                               0x0800829a   Section       17  __printf_flags_wp.o(.constdata)
    maptable                                 0x0800829a   Data          17  __printf_flags_wp.o(.constdata)
    .data                                    0x20000000   Section       20  system_stm32f10x.o(.data)
    .data                                    0x20000014   Section        1  main.o(.data)
    .data                                    0x20000015   Section        1  key.o(.data)
    key_up                                   0x20000015   Data           1  key.o(.data)
    .data                                    0x20000016   Section       20  stm32f10x_rcc.o(.data)
    APBAHBPrescTable                         0x20000016   Data          16  stm32f10x_rcc.o(.data)
    ADCPrescTable                            0x20000026   Data           4  stm32f10x_rcc.o(.data)
    .data                                    0x2000002a   Section        4  delay.o(.data)
    fac_us                                   0x2000002a   Data           1  delay.o(.data)
    fac_ms                                   0x2000002c   Data           2  delay.o(.data)
    .data                                    0x20000030   Section        6  usart.o(.data)
    .data                                    0x20000038   Section        4  gizwits_product.o(.data)
    timerMsCount                             0x20000038   Data           4  gizwits_product.o(.data)
    .data                                    0x2000003c   Section       16  gizwits_protocol.o(.data)
    lastReportTime                           0x2000003c   Data           4  gizwits_protocol.o(.data)
    lastRepTime                              0x20000040   Data           4  gizwits_protocol.o(.data)
    protocolFlag                             0x20000044   Data           1  gizwits_protocol.o(.data)
    protocolCount                            0x20000046   Data           2  gizwits_protocol.o(.data)
    lastData                                 0x20000048   Data           1  gizwits_protocol.o(.data)
    debugCount                               0x20000049   Data           1  gizwits_protocol.o(.data)
    lastStatus                               0x2000004a   Data           2  gizwits_protocol.o(.data)
    .bss                                     0x2000004c   Section       19  main.o(.bss)
    .bss                                     0x2000005f   Section      200  usart.o(.bss)
    .bss                                     0x20000127   Section      394  gizwits_protocol.o(.bss)
    rbBuf                                    0x2000027b   Data          54  gizwits_protocol.o(.bss)
    .bss                                     0x200002b4   Section       96  libspace.o(.bss)
    HEAP                                     0x20000318   Section      512  startup_stm32f10x_hd.o(HEAP)
    Heap_Mem                                 0x20000318   Data         512  startup_stm32f10x_hd.o(HEAP)
    STACK                                    0x20000518   Section     1024  startup_stm32f10x_hd.o(STACK)
    Stack_Mem                                0x20000518   Data        1024  startup_stm32f10x_hd.o(STACK)
    __initial_sp                             0x20000918   Data           0  startup_stm32f10x_hd.o(STACK)

    Global Symbols

    Symbol Name                              Value     Ov Type        Size  Object(Section)

    BuildAttributes$$THM_ISAv4$P$D$K$B$S$PE$A:L22UL41UL21$X:L11$S22US41US21$IEEE1$IW$USESV6$~STKCKD$USESV7$~SHL$OSPACE$ROPI$EBA8$UX$STANDARDLIB$REQ8$PRES8$EABIv2 0x00000000   Number         0  anon$$obj.o ABSOLUTE
    __ARM_use_no_argv                        0x00000000   Number         0  main.o ABSOLUTE
    _printf_flags                            0x00000000   Number         0  printf_stubs.o ABSOLUTE
    _printf_return_value                     0x00000000   Number         0  printf_stubs.o ABSOLUTE
    _printf_sizespec                         0x00000000   Number         0  printf_stubs.o ABSOLUTE
    _printf_widthprec                        0x00000000   Number         0  printf_stubs.o ABSOLUTE
    __ARM_exceptions_init                     - Undefined Weak Reference
    __alloca_initialize                       - Undefined Weak Reference
    __arm_preinit_                            - Undefined Weak Reference
    __cpp_initialize__aeabi_                  - Undefined Weak Reference
    __cxa_finalize                            - Undefined Weak Reference
    __sigvec_lookup                           - Undefined Weak Reference
    _atexit_init                              - Undefined Weak Reference
    _call_atexit_fns                          - Undefined Weak Reference
    _clock_init                               - Undefined Weak Reference
    _fp_trap_init                             - Undefined Weak Reference
    _fp_trap_shutdown                         - Undefined Weak Reference
    _get_lc_collate                           - Undefined Weak Reference
    _get_lc_monetary                          - Undefined Weak Reference
    _get_lc_numeric                           - Undefined Weak Reference
    _get_lc_time                              - Undefined Weak Reference
    _getenv_init                              - Undefined Weak Reference
    _handle_redirection                       - Undefined Weak Reference
    _init_alloc                               - Undefined Weak Reference
    _init_user_alloc                          - Undefined Weak Reference
    _initio                                   - Undefined Weak Reference
    _mutex_acquire                            - Undefined Weak Reference
    _mutex_release                            - Undefined Weak Reference
    _printf_truncate_signed                   - Undefined Weak Reference
    _printf_truncate_unsigned                 - Undefined Weak Reference
    _rand_init                                - Undefined Weak Reference
    _signal_finish                            - Undefined Weak Reference
    _signal_init                              - Undefined Weak Reference
    _terminate_alloc                          - Undefined Weak Reference
    _terminate_user_alloc                     - Undefined Weak Reference
    _terminateio                              - Undefined Weak Reference
    __Vectors_Size                           0x00000130   Number         0  startup_stm32f10x_hd.o ABSOLUTE
    __Vectors                                0x08000000   Data           4  startup_stm32f10x_hd.o(RESET)
    __Vectors_End                            0x08000130   Data           0  startup_stm32f10x_hd.o(RESET)
    __main                                   0x08000131   Thumb Code     8  __main.o(!!!main)
    __scatterload                            0x08000139   Thumb Code     0  __scatter.o(!!!scatter)
    __scatterload_rt2                        0x08000139   Thumb Code    44  __scatter.o(!!!scatter)
    __scatterload_rt2_thumb_only             0x08000139   Thumb Code     0  __scatter.o(!!!scatter)
    __scatterload_null                       0x08000147   Thumb Code     0  __scatter.o(!!!scatter)
    __scatterload_copy                       0x0800016d   Thumb Code    26  __scatter_copy.o(!!handler_copy)
    __scatterload_zeroinit                   0x08000189   Thumb Code    28  __scatter_zi.o(!!handler_zi)
    _printf_d                                0x080001a5   Thumb Code     0  _printf_d.o(.ARM.Collect$$_printf_percent$$00000009)
    _printf_percent                          0x080001a5   Thumb Code     0  _printf_percent.o(.ARM.Collect$$_printf_percent$$00000000)
    _printf_x                                0x080001ab   Thumb Code     0  _printf_x.o(.ARM.Collect$$_printf_percent$$0000000C)
    _printf_percent_end                      0x080001b1   Thumb Code     0  _printf_percent_end.o(.ARM.Collect$$_printf_percent$$00000017)
    __rt_lib_init                            0x080001b5   Thumb Code     0  libinit.o(.ARM.Collect$$libinit$$00000000)
    __rt_lib_init_alloca_1                   0x080001b7   Thumb Code     0  libinit2.o(.ARM.Collect$$libinit$$0000002E)
    __rt_lib_init_argv_1                     0x080001b7   Thumb Code     0  libinit2.o(.ARM.Collect$$libinit$$0000002C)
    __rt_lib_init_atexit_1                   0x080001b7   Thumb Code     0  libinit2.o(.ARM.Collect$$libinit$$0000001B)
    __rt_lib_init_clock_1                    0x080001b7   Thumb Code     0  libinit2.o(.ARM.Collect$$libinit$$00000021)
    __rt_lib_init_cpp_1                      0x080001b7   Thumb Code     0  libinit2.o(.ARM.Collect$$libinit$$00000032)
    __rt_lib_init_exceptions_1               0x080001b7   Thumb Code     0  libinit2.o(.ARM.Collect$$libinit$$00000030)
    __rt_lib_init_fp_1                       0x080001b7   Thumb Code     0  libinit2.o(.ARM.Collect$$libinit$$00000002)
    __rt_lib_init_fp_trap_1                  0x080001b7   Thumb Code     0  libinit2.o(.ARM.Collect$$libinit$$0000001F)
    __rt_lib_init_getenv_1                   0x080001b7   Thumb Code     0  libinit2.o(.ARM.Collect$$libinit$$00000023)
    __rt_lib_init_heap_1                     0x080001b7   Thumb Code     0  libinit2.o(.ARM.Collect$$libinit$$0000000A)
    __rt_lib_init_lc_collate_1               0x080001b7   Thumb Code     0  libinit2.o(.ARM.Collect$$libinit$$00000011)
    __rt_lib_init_lc_ctype_1                 0x080001b7   Thumb Code     0  libinit2.o(.ARM.Collect$$libinit$$00000013)
    __rt_lib_init_lc_monetary_1              0x080001b7   Thumb Code     0  libinit2.o(.ARM.Collect$$libinit$$00000015)
    __rt_lib_init_lc_numeric_1               0x080001b7   Thumb Code     0  libinit2.o(.ARM.Collect$$libinit$$00000017)
    __rt_lib_init_lc_time_1                  0x080001b7   Thumb Code     0  libinit2.o(.ARM.Collect$$libinit$$00000019)
    __rt_lib_init_preinit_1                  0x080001b7   Thumb Code     0  libinit2.o(.ARM.Collect$$libinit$$00000004)
    __rt_lib_init_rand_1                     0x080001b7   Thumb Code     0  libinit2.o(.ARM.Collect$$libinit$$0000000E)
    __rt_lib_init_return                     0x080001b7   Thumb Code     0  libinit2.o(.ARM.Collect$$libinit$$00000033)
    __rt_lib_init_signal_1                   0x080001b7   Thumb Code     0  libinit2.o(.ARM.Collect$$libinit$$0000001D)
    __rt_lib_init_stdio_1                    0x080001b7   Thumb Code     0  libinit2.o(.ARM.Collect$$libinit$$00000025)
    __rt_lib_init_user_alloc_1               0x080001b7   Thumb Code     0  libinit2.o(.ARM.Collect$$libinit$$0000000C)
    __rt_lib_shutdown                        0x080001b9   Thumb Code     0  libshutdown.o(.ARM.Collect$$libshutdown$$00000000)
    __rt_lib_shutdown_cpp_1                  0x080001bb   Thumb Code     0  libshutdown2.o(.ARM.Collect$$libshutdown$$00000002)
    __rt_lib_shutdown_fp_trap_1              0x080001bb   Thumb Code     0  libshutdown2.o(.ARM.Collect$$libshutdown$$00000007)
    __rt_lib_shutdown_heap_1                 0x080001bb   Thumb Code     0  libshutdown2.o(.ARM.Collect$$libshutdown$$0000000F)
    __rt_lib_shutdown_return                 0x080001bb   Thumb Code     0  libshutdown2.o(.ARM.Collect$$libshutdown$$00000010)
    __rt_lib_shutdown_signal_1               0x080001bb   Thumb Code     0  libshutdown2.o(.ARM.Collect$$libshutdown$$0000000A)
    __rt_lib_shutdown_stdio_1                0x080001bb   Thumb Code     0  libshutdown2.o(.ARM.Collect$$libshutdown$$00000004)
    __rt_lib_shutdown_user_alloc_1           0x080001bb   Thumb Code     0  libshutdown2.o(.ARM.Collect$$libshutdown$$0000000C)
    __rt_entry                               0x080001bd   Thumb Code     0  __rtentry.o(.ARM.Collect$$rtentry$$00000000)
    __rt_entry_presh_1                       0x080001bd   Thumb Code     0  __rtentry2.o(.ARM.Collect$$rtentry$$00000002)
    __rt_entry_sh                            0x080001bd   Thumb Code     0  __rtentry4.o(.ARM.Collect$$rtentry$$00000004)
    __rt_entry_li                            0x080001c3   Thumb Code     0  __rtentry2.o(.ARM.Collect$$rtentry$$0000000A)
    __rt_entry_postsh_1                      0x080001c3   Thumb Code     0  __rtentry2.o(.ARM.Collect$$rtentry$$00000009)
    __rt_entry_main                          0x080001c7   Thumb Code     0  __rtentry2.o(.ARM.Collect$$rtentry$$0000000D)
    __rt_entry_postli_1                      0x080001c7   Thumb Code     0  __rtentry2.o(.ARM.Collect$$rtentry$$0000000C)
    __rt_exit                                0x080001cf   Thumb Code     0  rtexit.o(.ARM.Collect$$rtexit$$00000000)
    __rt_exit_ls                             0x080001d1   Thumb Code     0  rtexit2.o(.ARM.Collect$$rtexit$$00000003)
    __rt_exit_prels_1                        0x080001d1   Thumb Code     0  rtexit2.o(.ARM.Collect$$rtexit$$00000002)
    __rt_exit_exit                           0x080001d5   Thumb Code     0  rtexit2.o(.ARM.Collect$$rtexit$$00000004)
    Reset_Handler                            0x080001dd   Thumb Code     8  startup_stm32f10x_hd.o(.text)
    ADC1_2_IRQHandler                        0x080001f7   Thumb Code     0  startup_stm32f10x_hd.o(.text)
    ADC3_IRQHandler                          0x080001f7   Thumb Code     0  startup_stm32f10x_hd.o(.text)
    CAN1_RX1_IRQHandler                      0x080001f7   Thumb Code     0  startup_stm32f10x_hd.o(.text)
    CAN1_SCE_IRQHandler                      0x080001f7   Thumb Code     0  startup_stm32f10x_hd.o(.text)
    DMA1_Channel1_IRQHandler                 0x080001f7   Thumb Code     0  startup_stm32f10x_hd.o(.text)
    DMA1_Channel2_IRQHandler                 0x080001f7   Thumb Code     0  startup_stm32f10x_hd.o(.text)
    DMA1_Channel3_IRQHandler                 0x080001f7   Thumb Code     0  startup_stm32f10x_hd.o(.text)
    DMA1_Channel4_IRQHandler                 0x080001f7   Thumb Code     0  startup_stm32f10x_hd.o(.text)
    DMA1_Channel5_IRQHandler                 0x080001f7   Thumb Code     0  startup_stm32f10x_hd.o(.text)
    DMA1_Channel6_IRQHandler                 0x080001f7   Thumb Code     0  startup_stm32f10x_hd.o(.text)
    DMA1_Channel7_IRQHandler                 0x080001f7   Thumb Code     0  startup_stm32f10x_hd.o(.text)
    DMA2_Channel1_IRQHandler                 0x080001f7   Thumb Code     0  startup_stm32f10x_hd.o(.text)
    DMA2_Channel2_IRQHandler                 0x080001f7   Thumb Code     0  startup_stm32f10x_hd.o(.text)
    DMA2_Channel3_IRQHandler                 0x080001f7   Thumb Code     0  startup_stm32f10x_hd.o(.text)
    DMA2_Channel4_5_IRQHandler               0x080001f7   Thumb Code     0  startup_stm32f10x_hd.o(.text)
    EXTI0_IRQHandler                         0x080001f7   Thumb Code     0  startup_stm32f10x_hd.o(.text)
    EXTI15_10_IRQHandler                     0x080001f7   Thumb Code     0  startup_stm32f10x_hd.o(.text)
    EXTI1_IRQHandler                         0x080001f7   Thumb Code     0  startup_stm32f10x_hd.o(.text)
    EXTI2_IRQHandler                         0x080001f7   Thumb Code     0  startup_stm32f10x_hd.o(.text)
    EXTI3_IRQHandler                         0x080001f7   Thumb Code     0  startup_stm32f10x_hd.o(.text)
    EXTI4_IRQHandler                         0x080001f7   Thumb Code     0  startup_stm32f10x_hd.o(.text)
    EXTI9_5_IRQHandler                       0x080001f7   Thumb Code     0  startup_stm32f10x_hd.o(.text)
    FLASH_IRQHandler                         0x080001f7   Thumb Code     0  startup_stm32f10x_hd.o(.text)
    FSMC_IRQHandler                          0x080001f7   Thumb Code     0  startup_stm32f10x_hd.o(.text)
    I2C1_ER_IRQHandler                       0x080001f7   Thumb Code     0  startup_stm32f10x_hd.o(.text)
    I2C1_EV_IRQHandler                       0x080001f7   Thumb Code     0  startup_stm32f10x_hd.o(.text)
    I2C2_ER_IRQHandler                       0x080001f7   Thumb Code     0  startup_stm32f10x_hd.o(.text)
    I2C2_EV_IRQHandler                       0x080001f7   Thumb Code     0  startup_stm32f10x_hd.o(.text)
    PVD_IRQHandler                           0x080001f7   Thumb Code     0  startup_stm32f10x_hd.o(.text)
    RCC_IRQHandler                           0x080001f7   Thumb Code     0  startup_stm32f10x_hd.o(.text)
    RTCAlarm_IRQHandler                      0x080001f7   Thumb Code     0  startup_stm32f10x_hd.o(.text)
    RTC_IRQHandler                           0x080001f7   Thumb Code     0  startup_stm32f10x_hd.o(.text)
    SDIO_IRQHandler                          0x080001f7   Thumb Code     0  startup_stm32f10x_hd.o(.text)
    SPI1_IRQHandler                          0x080001f7   Thumb Code     0  startup_stm32f10x_hd.o(.text)
    SPI2_IRQHandler                          0x080001f7   Thumb Code     0  startup_stm32f10x_hd.o(.text)
    SPI3_IRQHandler                          0x080001f7   Thumb Code     0  startup_stm32f10x_hd.o(.text)
    TAMPER_IRQHandler                        0x080001f7   Thumb Code     0  startup_stm32f10x_hd.o(.text)
    TIM1_BRK_IRQHandler                      0x080001f7   Thumb Code     0  startup_stm32f10x_hd.o(.text)
    TIM1_CC_IRQHandler                       0x080001f7   Thumb Code     0  startup_stm32f10x_hd.o(.text)
    TIM1_TRG_COM_IRQHandler                  0x080001f7   Thumb Code     0  startup_stm32f10x_hd.o(.text)
    TIM1_UP_IRQHandler                       0x080001f7   Thumb Code     0  startup_stm32f10x_hd.o(.text)
    TIM2_IRQHandler                          0x080001f7   Thumb Code     0  startup_stm32f10x_hd.o(.text)
    TIM4_IRQHandler                          0x080001f7   Thumb Code     0  startup_stm32f10x_hd.o(.text)
    TIM5_IRQHandler                          0x080001f7   Thumb Code     0  startup_stm32f10x_hd.o(.text)
    TIM6_IRQHandler                          0x080001f7   Thumb Code     0  startup_stm32f10x_hd.o(.text)
    TIM7_IRQHandler                          0x080001f7   Thumb Code     0  startup_stm32f10x_hd.o(.text)
    TIM8_BRK_IRQHandler                      0x080001f7   Thumb Code     0  startup_stm32f10x_hd.o(.text)
    TIM8_CC_IRQHandler                       0x080001f7   Thumb Code     0  startup_stm32f10x_hd.o(.text)
    TIM8_TRG_COM_IRQHandler                  0x080001f7   Thumb Code     0  startup_stm32f10x_hd.o(.text)
    TIM8_UP_IRQHandler                       0x080001f7   Thumb Code     0  startup_stm32f10x_hd.o(.text)
    UART4_IRQHandler                         0x080001f7   Thumb Code     0  startup_stm32f10x_hd.o(.text)
    UART5_IRQHandler                         0x080001f7   Thumb Code     0  startup_stm32f10x_hd.o(.text)
    USART2_IRQHandler                        0x080001f7   Thumb Code     0  startup_stm32f10x_hd.o(.text)
    USBWakeUp_IRQHandler                     0x080001f7   Thumb Code     0  startup_stm32f10x_hd.o(.text)
    USB_HP_CAN1_TX_IRQHandler                0x080001f7   Thumb Code     0  startup_stm32f10x_hd.o(.text)
    USB_LP_CAN1_RX0_IRQHandler               0x080001f7   Thumb Code     0  startup_stm32f10x_hd.o(.text)
    WWDG_IRQHandler                          0x080001f7   Thumb Code     0  startup_stm32f10x_hd.o(.text)
    __user_initial_stackheap                 0x080001f9   Thumb Code     0  startup_stm32f10x_hd.o(.text)
    __use_no_semihosting                     0x0800021d   Thumb Code     2  use_no_semi_2.o(.text)
    __2printf                                0x08000221   Thumb Code    20  noretval__2printf.o(.text)
    _printf_pre_padding                      0x08000239   Thumb Code    44  _printf_pad.o(.text)
    _printf_post_padding                     0x08000265   Thumb Code    34  _printf_pad.o(.text)
    _printf_int_dec                          0x08000289   Thumb Code   104  _printf_dec.o(.text)
    _printf_int_hex                          0x08000301   Thumb Code    84  _printf_hex_int.o(.text)
    _printf_longlong_hex                     0x08000301   Thumb Code     0  _printf_hex_int.o(.text)
    __printf                                 0x08000359   Thumb Code   308  __printf_flags_wp.o(.text)
    __aeabi_memcpy                           0x08000491   Thumb Code     0  rt_memcpy_v6.o(.text)
    __rt_memcpy                              0x08000491   Thumb Code   138  rt_memcpy_v6.o(.text)
    _memcpy_lastbytes                        0x080004f7   Thumb Code     0  rt_memcpy_v6.o(.text)
    __aeabi_memcpy4                          0x0800051b   Thumb Code     0  rt_memcpy_w.o(.text)
    __aeabi_memcpy8                          0x0800051b   Thumb Code     0  rt_memcpy_w.o(.text)
    __rt_memcpy_w                            0x0800051b   Thumb Code   100  rt_memcpy_w.o(.text)
    _memcpy_lastbytes_aligned                0x08000563   Thumb Code     0  rt_memcpy_w.o(.text)
    __aeabi_memclr                           0x0800057f   Thumb Code     0  rt_memclr.o(.text)
    __rt_memclr                              0x0800057f   Thumb Code    68  rt_memclr.o(.text)
    _memset                                  0x08000583   Thumb Code     0  rt_memclr.o(.text)
    __use_two_region_memory                  0x080005c3   Thumb Code     2  heapauxi.o(.text)
    __rt_heap_escrow$2region                 0x080005c5   Thumb Code     2  heapauxi.o(.text)
    __rt_heap_expand$2region                 0x080005c7   Thumb Code     2  heapauxi.o(.text)
    __I$use$semihosting                      0x080005c9   Thumb Code     0  use_no_semi.o(.text)
    __use_no_semihosting_swi                 0x080005c9   Thumb Code     2  use_no_semi.o(.text)
    _printf_int_common                       0x080005cb   Thumb Code   178  _printf_intcommon.o(.text)
    _printf_char_file                        0x0800067d   Thumb Code    32  _printf_char_file.o(.text)
    __aeabi_memclr4                          0x080006a1   Thumb Code     0  rt_memclr_w.o(.text)
    __aeabi_memclr8                          0x080006a1   Thumb Code     0  rt_memclr_w.o(.text)
    __rt_memclr_w                            0x080006a1   Thumb Code    78  rt_memclr_w.o(.text)
    _memset_w                                0x080006a5   Thumb Code     0  rt_memclr_w.o(.text)
    _printf_char_common                      0x080006fb   Thumb Code    32  _printf_char_common.o(.text)
    ferror                                   0x08000721   Thumb Code     8  ferror.o(.text)
    __user_libspace                          0x08000729   Thumb Code     8  libspace.o(.text)
    __user_perproc_libspace                  0x08000729   Thumb Code     0  libspace.o(.text)
    __user_perthread_libspace                0x08000729   Thumb Code     0  libspace.o(.text)
    __user_setup_stackheap                   0x08000731   Thumb Code    74  sys_stackheap_outer.o(.text)
    exit                                     0x0800077b   Thumb Code    18  exit.o(.text)
    ADC_Cmd                                  0x0800078d   Thumb Code    22  stm32f10x_adc.o(i.ADC_Cmd)
    ADC_DeInit                               0x080007a5   Thumb Code    78  stm32f10x_adc.o(i.ADC_DeInit)
    ADC_GetCalibrationStatus                 0x08000801   Thumb Code    20  stm32f10x_adc.o(i.ADC_GetCalibrationStatus)
    ADC_GetConversionValue                   0x08000815   Thumb Code     8  stm32f10x_adc.o(i.ADC_GetConversionValue)
    ADC_GetFlagStatus                        0x0800081d   Thumb Code    18  stm32f10x_adc.o(i.ADC_GetFlagStatus)
    ADC_GetResetCalibrationStatus            0x0800082f   Thumb Code    20  stm32f10x_adc.o(i.ADC_GetResetCalibrationStatus)
    ADC_Init                                 0x08000845   Thumb Code    70  stm32f10x_adc.o(i.ADC_Init)
    ADC_RegularChannelConfig                 0x08000895   Thumb Code   184  stm32f10x_adc.o(i.ADC_RegularChannelConfig)
    ADC_ResetCalibration                     0x0800094d   Thumb Code    10  stm32f10x_adc.o(i.ADC_ResetCalibration)
    ADC_SoftwareStartConvCmd                 0x08000957   Thumb Code    22  stm32f10x_adc.o(i.ADC_SoftwareStartConvCmd)
    ADC_StartCalibration                     0x0800096d   Thumb Code    10  stm32f10x_adc.o(i.ADC_StartCalibration)
    Adc_Init                                 0x08000979   Thumb Code   132  adc.o(i.Adc_Init)
    BusFault_Handler                         0x08000a05   Thumb Code     4  stm32f10x_it.o(i.BusFault_Handler)
    DAC_Cmd                                  0x08000a09   Thumb Code    34  stm32f10x_dac.o(i.DAC_Cmd)
    DAC_GetDataOutputValue                   0x08000a31   Thumb Code    32  stm32f10x_dac.o(i.DAC_GetDataOutputValue)
    DAC_Init                                 0x08000a55   Thumb Code    46  stm32f10x_dac.o(i.DAC_Init)
    DAC_SetChannel1Data                      0x08000a89   Thumb Code    26  stm32f10x_dac.o(i.DAC_SetChannel1Data)
    Dac1_Init                                0x08000aa9   Thumb Code    94  dac.o(i.Dac1_Init)
    DebugMon_Handler                         0x08000b0d   Thumb Code     2  stm32f10x_it.o(i.DebugMon_Handler)
    GPIO_Init                                0x08000b0f   Thumb Code   278  stm32f10x_gpio.o(i.GPIO_Init)
    GPIO_PinRemapConfig                      0x08000c25   Thumb Code   138  stm32f10x_gpio.o(i.GPIO_PinRemapConfig)
    GPIO_ReadInputDataBit                    0x08000cb5   Thumb Code    18  stm32f10x_gpio.o(i.GPIO_ReadInputDataBit)
    GPIO_ResetBits                           0x08000cc7   Thumb Code     4  stm32f10x_gpio.o(i.GPIO_ResetBits)
    GPIO_SetBits                             0x08000ccb   Thumb Code     4  stm32f10x_gpio.o(i.GPIO_SetBits)
    Get_Adc                                  0x08000cd1   Thumb Code    46  adc.o(i.Get_Adc)
    Get_Adc_Average                          0x08000d05   Thumb Code    46  adc.o(i.Get_Adc_Average)
    Gizwits_Init                             0x08000d35   Thumb Code    34  main.o(i.Gizwits_Init)
    HardFault_Handler                        0x08000d5d   Thumb Code     4  stm32f10x_it.o(i.HardFault_Handler)
    KEY_Init                                 0x08000d61   Thumb Code    40  key.o(i.KEY_Init)
    KEY_Scan                                 0x08000d91   Thumb Code   110  key.o(i.KEY_Scan)
    LCD_Address_Set                          0x08000e09   Thumb Code    66  lcd_init.o(i.LCD_Address_Set)
    LCD_DrawPoint                            0x08000e4b   Thumb Code    28  lcd.o(i.LCD_DrawPoint)
    LCD_Fill                                 0x08000e67   Thumb Code    74  lcd.o(i.LCD_Fill)
    LCD_GPIO_Init                            0x08000eb1   Thumb Code    98  lcd_init.o(i.LCD_GPIO_Init)
    LCD_Init                                 0x08000f1d   Thumb Code   500  lcd_init.o(i.LCD_Init)
    LCD_ShowChar                             0x08001119   Thumb Code   328  lcd.o(i.LCD_ShowChar)
    LCD_ShowFloatNum1                        0x08001271   Thumb Code   158  lcd.o(i.LCD_ShowFloatNum1)
    LCD_ShowString                           0x08001315   Thumb Code    66  lcd.o(i.LCD_ShowString)
    LCD_WR_DATA                              0x08001357   Thumb Code    18  lcd_init.o(i.LCD_WR_DATA)
    LCD_WR_DATA8                             0x08001369   Thumb Code    12  lcd_init.o(i.LCD_WR_DATA8)
    LCD_WR_REG                               0x08001375   Thumb Code    28  lcd_init.o(i.LCD_WR_REG)
    LCD_Writ_Bus                             0x08001395   Thumb Code    90  lcd_init.o(i.LCD_Writ_Bus)
    LED_Init                                 0x080013f5   Thumb Code    50  led.o(i.LED_Init)
    MemManage_Handler                        0x0800142d   Thumb Code     4  stm32f10x_it.o(i.MemManage_Handler)
    NMI_Handler                              0x08001431   Thumb Code     2  stm32f10x_it.o(i.NMI_Handler)
    NVIC_Init                                0x08001435   Thumb Code   100  misc.o(i.NVIC_Init)
    NVIC_PriorityGroupConfig                 0x080014a5   Thumb Code    10  misc.o(i.NVIC_PriorityGroupConfig)
    PendSV_Handler                           0x080014b9   Thumb Code     2  stm32f10x_it.o(i.PendSV_Handler)
    RCC_ADCCLKConfig                         0x080014bd   Thumb Code    18  stm32f10x_rcc.o(i.RCC_ADCCLKConfig)
    RCC_APB1PeriphClockCmd                   0x080014d5   Thumb Code    26  stm32f10x_rcc.o(i.RCC_APB1PeriphClockCmd)
    RCC_APB1PeriphResetCmd                   0x080014f5   Thumb Code    26  stm32f10x_rcc.o(i.RCC_APB1PeriphResetCmd)
    RCC_APB2PeriphClockCmd                   0x08001515   Thumb Code    26  stm32f10x_rcc.o(i.RCC_APB2PeriphClockCmd)
    RCC_APB2PeriphResetCmd                   0x08001535   Thumb Code    26  stm32f10x_rcc.o(i.RCC_APB2PeriphResetCmd)
    RCC_GetClocksFreq                        0x08001555   Thumb Code   192  stm32f10x_rcc.o(i.RCC_GetClocksFreq)
    SVC_Handler                              0x08001629   Thumb Code     2  stm32f10x_it.o(i.SVC_Handler)
    SysTick_CLKSourceConfig                  0x08001715   Thumb Code    40  misc.o(i.SysTick_CLKSourceConfig)
    SysTick_Handler                          0x0800173d   Thumb Code     2  stm32f10x_it.o(i.SysTick_Handler)
    SystemInit                               0x08001741   Thumb Code    78  system_stm32f10x.o(i.SystemInit)
    TIM3_IRQHandler                          0x080017a1   Thumb Code    26  timer.o(i.TIM3_IRQHandler)
    TIM3_Int_Init                            0x080017c1   Thumb Code    90  timer.o(i.TIM3_Int_Init)
    TIM_ClearITPendingBit                    0x08001821   Thumb Code     6  stm32f10x_tim.o(i.TIM_ClearITPendingBit)
    TIM_Cmd                                  0x08001827   Thumb Code    24  stm32f10x_tim.o(i.TIM_Cmd)
    TIM_GetITStatus                          0x0800183f   Thumb Code    34  stm32f10x_tim.o(i.TIM_GetITStatus)
    TIM_ITConfig                             0x08001861   Thumb Code    18  stm32f10x_tim.o(i.TIM_ITConfig)
    TIM_TimeBaseInit                         0x08001875   Thumb Code   122  stm32f10x_tim.o(i.TIM_TimeBaseInit)
    USART1_IRQHandler                        0x08001919   Thumb Code   122  usart.o(i.USART1_IRQHandler)
    USART3_IRQHandler                        0x080019a1   Thumb Code    34  usart3.o(i.USART3_IRQHandler)
    USART_Cmd                                0x080019c9   Thumb Code    24  stm32f10x_usart.o(i.USART_Cmd)
    USART_DeInit                             0x080019e1   Thumb Code   134  stm32f10x_usart.o(i.USART_DeInit)
    USART_GetFlagStatus                      0x08001a7d   Thumb Code    26  stm32f10x_usart.o(i.USART_GetFlagStatus)
    USART_GetITStatus                        0x08001a97   Thumb Code    84  stm32f10x_usart.o(i.USART_GetITStatus)
    USART_ITConfig                           0x08001aeb   Thumb Code    74  stm32f10x_usart.o(i.USART_ITConfig)
    USART_Init                               0x08001b35   Thumb Code   210  stm32f10x_usart.o(i.USART_Init)
    USART_ReceiveData                        0x08001c0d   Thumb Code    10  stm32f10x_usart.o(i.USART_ReceiveData)
    USART_SendData                           0x08001c17   Thumb Code     8  stm32f10x_usart.o(i.USART_SendData)
    UsageFault_Handler                       0x08001c1f   Thumb Code     4  stm32f10x_it.o(i.UsageFault_Handler)
    _is_digit                                0x08001c23   Thumb Code    14  __printf_wp.o(i._is_digit)
    _sys_exit                                0x08001c31   Thumb Code     4  usart.o(i._sys_exit)
    delay_init                               0x08001c35   Thumb Code    50  delay.o(i.delay_init)
    delay_ms                                 0x08001c79   Thumb Code    72  delay.o(i.delay_ms)
    exchangeBytes                            0x08001cc5   Thumb Code    26  common.o(i.exchangeBytes)
    exchangeWord                             0x08001cdf   Thumb Code    26  common.o(i.exchangeWord)
    fputc                                    0x08001cf9   Thumb Code    24  usart.o(i.fputc)
    gizAcrossByteJudge                       0x08001d15   Thumb Code    42  datapointtools.o(i.gizAcrossByteJudge)
    gizByteOrderExchange                     0x08001d3f   Thumb Code    50  datapointtools.o(i.gizByteOrderExchange)
    gizGetTimerCount                         0x08002315   Thumb Code     6  gizwits_product.o(i.gizGetTimerCount)
    gizProtocolSum                           0x08003131   Thumb Code    38  common.o(i.gizProtocolSum)
    gizPutData                               0x08003205   Thumb Code    52  gizwits_protocol.o(i.gizPutData)
    gizStandardCompressValue                 0x08003351   Thumb Code   128  datapointtools.o(i.gizStandardCompressValue)
    gizStandardDecompressionValue            0x080033d1   Thumb Code   194  datapointtools.o(i.gizStandardDecompressionValue)
    gizTimerMs                               0x08003495   Thumb Code    12  gizwits_product.o(i.gizTimerMs)
    gizY2X                                   0x080034a5   Thumb Code    14  datapointtools.o(i.gizY2X)
    gizY2XFloat                              0x080034b3   Thumb Code    42  datapointtools.o(i.gizY2XFloat)
    gizwitsEventProcess                      0x080034dd   Thumb Code   320  gizwits_product.o(i.gizwitsEventProcess)
    gizwitsHandle                            0x0800374d   Thumb Code   544  gizwits_protocol.o(i.gizwitsHandle)
    gizwitsInit                              0x08003a65   Thumb Code    46  gizwits_protocol.o(i.gizwitsInit)
    main                                     0x08003ac9   Thumb Code     4  main.o(i.main)
    mcuRestart                               0x08003acd   Thumb Code    38  gizwits_product.o(i.mcuRestart)
    mypow                                    0x08003afd   Thumb Code    22  lcd.o(i.mypow)
    rbCanRead                                0x08003b13   Thumb Code    56  ringbuffer.o(i.rbCanRead)
    rbCanWrite                               0x08003b4b   Thumb Code    30  ringbuffer.o(i.rbCanWrite)
    rbCapacity                               0x08003b69   Thumb Code    14  ringbuffer.o(i.rbCapacity)
    rbCreate                                 0x08003b77   Thumb Code    22  ringbuffer.o(i.rbCreate)
    rbRead                                   0x08003b8d   Thumb Code   162  ringbuffer.o(i.rbRead)
    rbWrite                                  0x08003c2f   Thumb Code   154  ringbuffer.o(i.rbWrite)
    show_init                                0x08003cc9   Thumb Code   498  main.o(i.show_init)
    uartWrite                                0x08003f45   Thumb Code    82  gizwits_product.o(i.uartWrite)
    uart_init                                0x08003f9d   Thumb Code   152  usart.o(i.uart_init)
    usart3_init                              0x0800403d   Thumb Code   166  usart3.o(i.usart3_init)
    __aeabi_d2f                              0x080040ed   Thumb Code     0  d2f.o(x$fpl$d2f)
    _d2f                                     0x080040ed   Thumb Code    98  d2f.o(x$fpl$d2f)
    __aeabi_dmul                             0x08004151   Thumb Code     0  dmul.o(x$fpl$dmul)
    _dmul                                    0x08004151   Thumb Code   332  dmul.o(x$fpl$dmul)
    __fpl_dnaninf                            0x080042a5   Thumb Code   156  dnaninf.o(x$fpl$dnaninf)
    __fpl_dretinf                            0x08004341   Thumb Code    12  dretinf.o(x$fpl$dretinf)
    __aeabi_f2d                              0x0800434d   Thumb Code     0  f2d.o(x$fpl$f2d)
    _f2d                                     0x0800434d   Thumb Code    86  f2d.o(x$fpl$f2d)
    __aeabi_fadd                             0x080043a5   Thumb Code     0  faddsub_clz.o(x$fpl$fadd)
    _fadd                                    0x080043a5   Thumb Code   196  faddsub_clz.o(x$fpl$fadd)
    __fpl_fcmp_Inf                           0x08004469   Thumb Code    24  fcmpi.o(x$fpl$fcmpinf)
    __aeabi_fdiv                             0x08004481   Thumb Code     0  fdiv.o(x$fpl$fdiv)
    _fdiv                                    0x08004481   Thumb Code   384  fdiv.o(x$fpl$fdiv)
    __aeabi_cfcmpeq                          0x08004605   Thumb Code     0  feqf.o(x$fpl$feqf)
    _fcmpeq                                  0x08004605   Thumb Code   104  feqf.o(x$fpl$feqf)
    __aeabi_f2uiz                            0x0800466d   Thumb Code     0  ffixu.o(x$fpl$ffixu)
    _ffixu                                   0x0800466d   Thumb Code    62  ffixu.o(x$fpl$ffixu)
    __aeabi_ui2f                             0x080046ad   Thumb Code     0  fflt_clz.o(x$fpl$ffltu)
    _ffltu                                   0x080046ad   Thumb Code    38  fflt_clz.o(x$fpl$ffltu)
    __aeabi_fmul                             0x080046d5   Thumb Code     0  fmul.o(x$fpl$fmul)
    _fmul                                    0x080046d5   Thumb Code   258  fmul.o(x$fpl$fmul)
    __fpl_fnaninf                            0x080047d7   Thumb Code   140  fnaninf.o(x$fpl$fnaninf)
    __fpl_fretinf                            0x08004863   Thumb Code    10  fretinf.o(x$fpl$fretinf)
    __aeabi_fsub                             0x0800486d   Thumb Code     0  faddsub_clz.o(x$fpl$fsub)
    _fsub                                    0x0800486d   Thumb Code   234  faddsub_clz.o(x$fpl$fsub)
    __I$use$fp                               0x08004956   Number         0  usenofp.o(x$fpl$usenofp)
    ascii_1206                               0x08004956   Data        1140  lcd.o(.constdata)
    ascii_1608                               0x08004dca   Data        1520  lcd.o(.constdata)
    ascii_2412                               0x080053ba   Data        4560  lcd.o(.constdata)
    ascii_3216                               0x0800658a   Data        6080  lcd.o(.constdata)
    tfont12                                  0x08007d4a   Data         130  lcd.o(.constdata)
    tfont16                                  0x08007dcc   Data         170  lcd.o(.constdata)
    tfont24                                  0x08007e76   Data         370  lcd.o(.constdata)
    tfont32                                  0x08007fe8   Data         650  lcd.o(.constdata)
    Region$$Table$$Base                      0x080082ac   Number         0  anon$$obj.o(Region$$Table)
    Region$$Table$$Limit                     0x080082cc   Number         0  anon$$obj.o(Region$$Table)
    SystemCoreClock                          0x20000000   Data           4  system_stm32f10x.o(.data)
    AHBPrescTable                            0x20000004   Data          16  system_stm32f10x.o(.data)
    wifi_sta                                 0x20000014   Data           1  main.o(.data)
    __stdout                                 0x20000030   Data           4  usart.o(.data)
    USART_RX_STA                             0x20000034   Data           2  usart.o(.data)
    currentDataPoint                         0x2000004c   Data          19  main.o(.bss)
    USART_RX_BUF                             0x2000005f   Data         200  usart.o(.bss)
    gizwitsProtocol                          0x20000127   Data         324  gizwits_protocol.o(.bss)
    pRb                                      0x2000026b   Data          16  gizwits_protocol.o(.bss)
    __libspace_start                         0x200002b4   Data          96  libspace.o(.bss)
    __temporary_stack_top$libspace           0x20000314   Data           0  libspace.o(.bss)



==============================================================================

Memory Map of the image

  Image Entry point : 0x08000131

  Load Region LR_IROM1 (Base: 0x08000000, Size: 0x00008318, Max: 0x00040000, ABSOLUTE)

    Execution Region ER_IROM1 (Exec base: 0x08000000, Load base: 0x08000000, Size: 0x000082cc, Max: 0x00040000, ABSOLUTE)

    Exec Addr    Load Addr    Size         Type   Attr      Idx    E Section Name        Object

    0x08000000   0x08000000   0x00000130   Data   RO          619    RESET               startup_stm32f10x_hd.o
    0x08000130   0x08000130   0x00000008   Code   RO         4189  * !!!main             c_w.l(__main.o)
    0x08000138   0x08000138   0x00000034   Code   RO         4416    !!!scatter          c_w.l(__scatter.o)
    0x0800016c   0x0800016c   0x0000001a   Code   RO         4418    !!handler_copy      c_w.l(__scatter_copy.o)
    0x08000186   0x08000186   0x00000002   PAD
    0x08000188   0x08000188   0x0000001c   Code   RO         4420    !!handler_zi        c_w.l(__scatter_zi.o)
    0x080001a4   0x080001a4   0x00000000   Code   RO         4178    .ARM.Collect$$_printf_percent$$00000000  c_w.l(_printf_percent.o)
    0x080001a4   0x080001a4   0x00000006   Code   RO         4177    .ARM.Collect$$_printf_percent$$00000009  c_w.l(_printf_d.o)
    0x080001aa   0x080001aa   0x00000006   Code   RO         4176    .ARM.Collect$$_printf_percent$$0000000C  c_w.l(_printf_x.o)
    0x080001b0   0x080001b0   0x00000004   Code   RO         4234    .ARM.Collect$$_printf_percent$$00000017  c_w.l(_printf_percent_end.o)
    0x080001b4   0x080001b4   0x00000002   Code   RO         4293    .ARM.Collect$$libinit$$00000000  c_w.l(libinit.o)
    0x080001b6   0x080001b6   0x00000000   Code   RO         4295    .ARM.Collect$$libinit$$00000002  c_w.l(libinit2.o)
    0x080001b6   0x080001b6   0x00000000   Code   RO         4297    .ARM.Collect$$libinit$$00000004  c_w.l(libinit2.o)
    0x080001b6   0x080001b6   0x00000000   Code   RO         4300    .ARM.Collect$$libinit$$0000000A  c_w.l(libinit2.o)
    0x080001b6   0x080001b6   0x00000000   Code   RO         4302    .ARM.Collect$$libinit$$0000000C  c_w.l(libinit2.o)
    0x080001b6   0x080001b6   0x00000000   Code   RO         4304    .ARM.Collect$$libinit$$0000000E  c_w.l(libinit2.o)
    0x080001b6   0x080001b6   0x00000000   Code   RO         4307    .ARM.Collect$$libinit$$00000011  c_w.l(libinit2.o)
    0x080001b6   0x080001b6   0x00000000   Code   RO         4309    .ARM.Collect$$libinit$$00000013  c_w.l(libinit2.o)
    0x080001b6   0x080001b6   0x00000000   Code   RO         4311    .ARM.Collect$$libinit$$00000015  c_w.l(libinit2.o)
    0x080001b6   0x080001b6   0x00000000   Code   RO         4313    .ARM.Collect$$libinit$$00000017  c_w.l(libinit2.o)
    0x080001b6   0x080001b6   0x00000000   Code   RO         4315    .ARM.Collect$$libinit$$00000019  c_w.l(libinit2.o)
    0x080001b6   0x080001b6   0x00000000   Code   RO         4317    .ARM.Collect$$libinit$$0000001B  c_w.l(libinit2.o)
    0x080001b6   0x080001b6   0x00000000   Code   RO         4319    .ARM.Collect$$libinit$$0000001D  c_w.l(libinit2.o)
    0x080001b6   0x080001b6   0x00000000   Code   RO         4321    .ARM.Collect$$libinit$$0000001F  c_w.l(libinit2.o)
    0x080001b6   0x080001b6   0x00000000   Code   RO         4323    .ARM.Collect$$libinit$$00000021  c_w.l(libinit2.o)
    0x080001b6   0x080001b6   0x00000000   Code   RO         4325    .ARM.Collect$$libinit$$00000023  c_w.l(libinit2.o)
    0x080001b6   0x080001b6   0x00000000   Code   RO         4327    .ARM.Collect$$libinit$$00000025  c_w.l(libinit2.o)
    0x080001b6   0x080001b6   0x00000000   Code   RO         4331    .ARM.Collect$$libinit$$0000002C  c_w.l(libinit2.o)
    0x080001b6   0x080001b6   0x00000000   Code   RO         4333    .ARM.Collect$$libinit$$0000002E  c_w.l(libinit2.o)
    0x080001b6   0x080001b6   0x00000000   Code   RO         4335    .ARM.Collect$$libinit$$00000030  c_w.l(libinit2.o)
    0x080001b6   0x080001b6   0x00000000   Code   RO         4337    .ARM.Collect$$libinit$$00000032  c_w.l(libinit2.o)
    0x080001b6   0x080001b6   0x00000002   Code   RO         4338    .ARM.Collect$$libinit$$00000033  c_w.l(libinit2.o)
    0x080001b8   0x080001b8   0x00000002   Code   RO         4366    .ARM.Collect$$libshutdown$$00000000  c_w.l(libshutdown.o)
    0x080001ba   0x080001ba   0x00000000   Code   RO         4375    .ARM.Collect$$libshutdown$$00000002  c_w.l(libshutdown2.o)
    0x080001ba   0x080001ba   0x00000000   Code   RO         4377    .ARM.Collect$$libshutdown$$00000004  c_w.l(libshutdown2.o)
    0x080001ba   0x080001ba   0x00000000   Code   RO         4380    .ARM.Collect$$libshutdown$$00000007  c_w.l(libshutdown2.o)
    0x080001ba   0x080001ba   0x00000000   Code   RO         4383    .ARM.Collect$$libshutdown$$0000000A  c_w.l(libshutdown2.o)
    0x080001ba   0x080001ba   0x00000000   Code   RO         4385    .ARM.Collect$$libshutdown$$0000000C  c_w.l(libshutdown2.o)
    0x080001ba   0x080001ba   0x00000000   Code   RO         4388    .ARM.Collect$$libshutdown$$0000000F  c_w.l(libshutdown2.o)
    0x080001ba   0x080001ba   0x00000002   Code   RO         4389    .ARM.Collect$$libshutdown$$00000010  c_w.l(libshutdown2.o)
    0x080001bc   0x080001bc   0x00000000   Code   RO         4227    .ARM.Collect$$rtentry$$00000000  c_w.l(__rtentry.o)
    0x080001bc   0x080001bc   0x00000000   Code   RO         4249    .ARM.Collect$$rtentry$$00000002  c_w.l(__rtentry2.o)
    0x080001bc   0x080001bc   0x00000006   Code   RO         4261    .ARM.Collect$$rtentry$$00000004  c_w.l(__rtentry4.o)
    0x080001c2   0x080001c2   0x00000000   Code   RO         4251    .ARM.Collect$$rtentry$$00000009  c_w.l(__rtentry2.o)
    0x080001c2   0x080001c2   0x00000004   Code   RO         4252    .ARM.Collect$$rtentry$$0000000A  c_w.l(__rtentry2.o)
    0x080001c6   0x080001c6   0x00000000   Code   RO         4254    .ARM.Collect$$rtentry$$0000000C  c_w.l(__rtentry2.o)
    0x080001c6   0x080001c6   0x00000008   Code   RO         4255    .ARM.Collect$$rtentry$$0000000D  c_w.l(__rtentry2.o)
    0x080001ce   0x080001ce   0x00000002   Code   RO         4339    .ARM.Collect$$rtexit$$00000000  c_w.l(rtexit.o)
    0x080001d0   0x080001d0   0x00000000   Code   RO         4346    .ARM.Collect$$rtexit$$00000002  c_w.l(rtexit2.o)
    0x080001d0   0x080001d0   0x00000004   Code   RO         4347    .ARM.Collect$$rtexit$$00000003  c_w.l(rtexit2.o)
    0x080001d4   0x080001d4   0x00000006   Code   RO         4348    .ARM.Collect$$rtexit$$00000004  c_w.l(rtexit2.o)
    0x080001da   0x080001da   0x00000002   PAD
    0x080001dc   0x080001dc   0x00000040   Code   RO          620    .text               startup_stm32f10x_hd.o
    0x0800021c   0x0800021c   0x00000002   Code   RO         4121    .text               c_w.l(use_no_semi_2.o)
    0x0800021e   0x0800021e   0x00000002   PAD
    0x08000220   0x08000220   0x00000018   Code   RO         4127    .text               c_w.l(noretval__2printf.o)
    0x08000238   0x08000238   0x0000004e   Code   RO         4131    .text               c_w.l(_printf_pad.o)
    0x08000286   0x08000286   0x00000002   PAD
    0x08000288   0x08000288   0x00000078   Code   RO         4133    .text               c_w.l(_printf_dec.o)
    0x08000300   0x08000300   0x00000058   Code   RO         4138    .text               c_w.l(_printf_hex_int.o)
    0x08000358   0x08000358   0x00000138   Code   RO         4168    .text               c_w.l(__printf_flags_wp.o)
    0x08000490   0x08000490   0x0000008a   Code   RO         4181    .text               c_w.l(rt_memcpy_v6.o)
    0x0800051a   0x0800051a   0x00000064   Code   RO         4183    .text               c_w.l(rt_memcpy_w.o)
    0x0800057e   0x0800057e   0x00000044   Code   RO         4185    .text               c_w.l(rt_memclr.o)
    0x080005c2   0x080005c2   0x00000006   Code   RO         4187    .text               c_w.l(heapauxi.o)
    0x080005c8   0x080005c8   0x00000002   Code   RO         4225    .text               c_w.l(use_no_semi.o)
    0x080005ca   0x080005ca   0x000000b2   Code   RO         4230    .text               c_w.l(_printf_intcommon.o)
    0x0800067c   0x0800067c   0x00000024   Code   RO         4232    .text               c_w.l(_printf_char_file.o)
    0x080006a0   0x080006a0   0x0000004e   Code   RO         4235    .text               c_w.l(rt_memclr_w.o)
    0x080006ee   0x080006ee   0x00000002   PAD
    0x080006f0   0x080006f0   0x00000030   Code   RO         4268    .text               c_w.l(_printf_char_common.o)
    0x08000720   0x08000720   0x00000008   Code   RO         4270    .text               c_w.l(ferror.o)
    0x08000728   0x08000728   0x00000008   Code   RO         4277    .text               c_w.l(libspace.o)
    0x08000730   0x08000730   0x0000004a   Code   RO         4280    .text               c_w.l(sys_stackheap_outer.o)
    0x0800077a   0x0800077a   0x00000012   Code   RO         4284    .text               c_w.l(exit.o)
    0x0800078c   0x0800078c   0x00000016   Code   RO          666    i.ADC_Cmd           stm32f10x_adc.o
    0x080007a2   0x080007a2   0x00000002   PAD
    0x080007a4   0x080007a4   0x0000005c   Code   RO          668    i.ADC_DeInit        stm32f10x_adc.o
    0x08000800   0x08000800   0x00000014   Code   RO          674    i.ADC_GetCalibrationStatus  stm32f10x_adc.o
    0x08000814   0x08000814   0x00000008   Code   RO          675    i.ADC_GetConversionValue  stm32f10x_adc.o
    0x0800081c   0x0800081c   0x00000012   Code   RO          677    i.ADC_GetFlagStatus  stm32f10x_adc.o
    0x0800082e   0x0800082e   0x00000014   Code   RO          680    i.ADC_GetResetCalibrationStatus  stm32f10x_adc.o
    0x08000842   0x08000842   0x00000002   PAD
    0x08000844   0x08000844   0x00000050   Code   RO          684    i.ADC_Init          stm32f10x_adc.o
    0x08000894   0x08000894   0x000000b8   Code   RO          688    i.ADC_RegularChannelConfig  stm32f10x_adc.o
    0x0800094c   0x0800094c   0x0000000a   Code   RO          689    i.ADC_ResetCalibration  stm32f10x_adc.o
    0x08000956   0x08000956   0x00000016   Code   RO          691    i.ADC_SoftwareStartConvCmd  stm32f10x_adc.o
    0x0800096c   0x0800096c   0x0000000a   Code   RO          693    i.ADC_StartCalibration  stm32f10x_adc.o
    0x08000976   0x08000976   0x00000002   PAD
    0x08000978   0x08000978   0x0000008c   Code   RO          509    i.Adc_Init          adc.o
    0x08000a04   0x08000a04   0x00000004   Code   RO            1    i.BusFault_Handler  stm32f10x_it.o
    0x08000a08   0x08000a08   0x00000028   Code   RO         1259    i.DAC_Cmd           stm32f10x_dac.o
    0x08000a30   0x08000a30   0x00000024   Code   RO         1263    i.DAC_GetDataOutputValue  stm32f10x_dac.o
    0x08000a54   0x08000a54   0x00000034   Code   RO         1264    i.DAC_Init          stm32f10x_dac.o
    0x08000a88   0x08000a88   0x00000020   Code   RO         1265    i.DAC_SetChannel1Data  stm32f10x_dac.o
    0x08000aa8   0x08000aa8   0x00000064   Code   RO          533    i.Dac1_Init         dac.o
    0x08000b0c   0x08000b0c   0x00000002   Code   RO            2    i.DebugMon_Handler  stm32f10x_it.o
    0x08000b0e   0x08000b0e   0x00000116   Code   RO         1799    i.GPIO_Init         stm32f10x_gpio.o
    0x08000c24   0x08000c24   0x00000090   Code   RO         1801    i.GPIO_PinRemapConfig  stm32f10x_gpio.o
    0x08000cb4   0x08000cb4   0x00000012   Code   RO         1803    i.GPIO_ReadInputDataBit  stm32f10x_gpio.o
    0x08000cc6   0x08000cc6   0x00000004   Code   RO         1806    i.GPIO_ResetBits    stm32f10x_gpio.o
    0x08000cca   0x08000cca   0x00000004   Code   RO         1807    i.GPIO_SetBits      stm32f10x_gpio.o
    0x08000cce   0x08000cce   0x00000002   PAD
    0x08000cd0   0x08000cd0   0x00000034   Code   RO          510    i.Get_Adc           adc.o
    0x08000d04   0x08000d04   0x0000002e   Code   RO          511    i.Get_Adc_Average   adc.o
    0x08000d32   0x08000d32   0x00000002   PAD
    0x08000d34   0x08000d34   0x00000028   Code   RO          132    i.Gizwits_Init      main.o
    0x08000d5c   0x08000d5c   0x00000004   Code   RO            3    i.HardFault_Handler  stm32f10x_it.o
    0x08000d60   0x08000d60   0x00000030   Code   RO          490    i.KEY_Init          key.o
    0x08000d90   0x08000d90   0x00000078   Code   RO          491    i.KEY_Scan          key.o
    0x08000e08   0x08000e08   0x00000042   Code   RO          265    i.LCD_Address_Set   lcd_init.o
    0x08000e4a   0x08000e4a   0x0000001c   Code   RO          315    i.LCD_DrawPoint     lcd.o
    0x08000e66   0x08000e66   0x0000004a   Code   RO          317    i.LCD_Fill          lcd.o
    0x08000eb0   0x08000eb0   0x0000006c   Code   RO          266    i.LCD_GPIO_Init     lcd_init.o
    0x08000f1c   0x08000f1c   0x000001fc   Code   RO          267    i.LCD_Init          lcd_init.o
    0x08001118   0x08001118   0x00000158   Code   RO          318    i.LCD_ShowChar      lcd.o
    0x08001270   0x08001270   0x000000a4   Code   RO          324    i.LCD_ShowFloatNum1  lcd.o
    0x08001314   0x08001314   0x00000042   Code   RO          327    i.LCD_ShowString    lcd.o
    0x08001356   0x08001356   0x00000012   Code   RO          268    i.LCD_WR_DATA       lcd_init.o
    0x08001368   0x08001368   0x0000000c   Code   RO          269    i.LCD_WR_DATA8      lcd_init.o
    0x08001374   0x08001374   0x00000020   Code   RO          270    i.LCD_WR_REG        lcd_init.o
    0x08001394   0x08001394   0x00000060   Code   RO          271    i.LCD_Writ_Bus      lcd_init.o
    0x080013f4   0x080013f4   0x00000038   Code   RO          253    i.LED_Init          led.o
    0x0800142c   0x0800142c   0x00000004   Code   RO            4    i.MemManage_Handler  stm32f10x_it.o
    0x08001430   0x08001430   0x00000002   Code   RO            5    i.NMI_Handler       stm32f10x_it.o
    0x08001432   0x08001432   0x00000002   PAD
    0x08001434   0x08001434   0x00000070   Code   RO          624    i.NVIC_Init         misc.o
    0x080014a4   0x080014a4   0x00000014   Code   RO          625    i.NVIC_PriorityGroupConfig  misc.o
    0x080014b8   0x080014b8   0x00000002   Code   RO            6    i.PendSV_Handler    stm32f10x_it.o
    0x080014ba   0x080014ba   0x00000002   PAD
    0x080014bc   0x080014bc   0x00000018   Code   RO         2222    i.RCC_ADCCLKConfig  stm32f10x_rcc.o
    0x080014d4   0x080014d4   0x00000020   Code   RO         2224    i.RCC_APB1PeriphClockCmd  stm32f10x_rcc.o
    0x080014f4   0x080014f4   0x00000020   Code   RO         2225    i.RCC_APB1PeriphResetCmd  stm32f10x_rcc.o
    0x08001514   0x08001514   0x00000020   Code   RO         2226    i.RCC_APB2PeriphClockCmd  stm32f10x_rcc.o
    0x08001534   0x08001534   0x00000020   Code   RO         2227    i.RCC_APB2PeriphResetCmd  stm32f10x_rcc.o
    0x08001554   0x08001554   0x000000d4   Code   RO         2234    i.RCC_GetClocksFreq  stm32f10x_rcc.o
    0x08001628   0x08001628   0x00000002   Code   RO            7    i.SVC_Handler       stm32f10x_it.o
    0x0800162a   0x0800162a   0x00000008   Code   RO           98    i.SetSysClock       system_stm32f10x.o
    0x08001632   0x08001632   0x00000002   PAD
    0x08001634   0x08001634   0x000000e0   Code   RO           99    i.SetSysClockTo72   system_stm32f10x.o
    0x08001714   0x08001714   0x00000028   Code   RO          628    i.SysTick_CLKSourceConfig  misc.o
    0x0800173c   0x0800173c   0x00000002   Code   RO            8    i.SysTick_Handler   stm32f10x_it.o
    0x0800173e   0x0800173e   0x00000002   PAD
    0x08001740   0x08001740   0x00000060   Code   RO          101    i.SystemInit        system_stm32f10x.o
    0x080017a0   0x080017a0   0x00000020   Code   RO          551    i.TIM3_IRQHandler   timer.o
    0x080017c0   0x080017c0   0x00000060   Code   RO          552    i.TIM3_Int_Init     timer.o
    0x08001820   0x08001820   0x00000006   Code   RO         2862    i.TIM_ClearITPendingBit  stm32f10x_tim.o
    0x08001826   0x08001826   0x00000018   Code   RO         2867    i.TIM_Cmd           stm32f10x_tim.o
    0x0800183e   0x0800183e   0x00000022   Code   RO         2888    i.TIM_GetITStatus   stm32f10x_tim.o
    0x08001860   0x08001860   0x00000012   Code   RO         2892    i.TIM_ITConfig      stm32f10x_tim.o
    0x08001872   0x08001872   0x00000002   PAD
    0x08001874   0x08001874   0x000000a4   Code   RO         2938    i.TIM_TimeBaseInit  stm32f10x_tim.o
    0x08001918   0x08001918   0x00000088   Code   RO         3674    i.USART1_IRQHandler  usart.o
    0x080019a0   0x080019a0   0x00000028   Code   RO          573    i.USART3_IRQHandler  usart3.o
    0x080019c8   0x080019c8   0x00000018   Code   RO         3403    i.USART_Cmd         stm32f10x_usart.o
    0x080019e0   0x080019e0   0x0000009c   Code   RO         3405    i.USART_DeInit      stm32f10x_usart.o
    0x08001a7c   0x08001a7c   0x0000001a   Code   RO         3406    i.USART_GetFlagStatus  stm32f10x_usart.o
    0x08001a96   0x08001a96   0x00000054   Code   RO         3407    i.USART_GetITStatus  stm32f10x_usart.o
    0x08001aea   0x08001aea   0x0000004a   Code   RO         3409    i.USART_ITConfig    stm32f10x_usart.o
    0x08001b34   0x08001b34   0x000000d8   Code   RO         3410    i.USART_Init        stm32f10x_usart.o
    0x08001c0c   0x08001c0c   0x0000000a   Code   RO         3417    i.USART_ReceiveData  stm32f10x_usart.o
    0x08001c16   0x08001c16   0x00000008   Code   RO         3420    i.USART_SendData    stm32f10x_usart.o
    0x08001c1e   0x08001c1e   0x00000004   Code   RO            9    i.UsageFault_Handler  stm32f10x_it.o
    0x08001c22   0x08001c22   0x0000000e   Code   RO         4166    i._is_digit         c_w.l(__printf_wp.o)
    0x08001c30   0x08001c30   0x00000004   Code   RO         3675    i._sys_exit         usart.o
    0x08001c34   0x08001c34   0x00000044   Code   RO         3636    i.delay_init        delay.o
    0x08001c78   0x08001c78   0x0000004c   Code   RO         3637    i.delay_ms          delay.o
    0x08001cc4   0x08001cc4   0x0000001a   Code   RO         3936    i.exchangeBytes     common.o
    0x08001cde   0x08001cde   0x0000001a   Code   RO         3937    i.exchangeWord      common.o
    0x08001cf8   0x08001cf8   0x0000001c   Code   RO         3676    i.fputc             usart.o
    0x08001d14   0x08001d14   0x0000002a   Code   RO         4005    i.gizAcrossByteJudge  datapointtools.o
    0x08001d3e   0x08001d3e   0x00000032   Code   RO         4006    i.gizByteOrderExchange  datapointtools.o
    0x08001d70   0x08001d70   0x00000244   Code   RO         3776    i.gizCheckReport    gizwits_protocol.o
    0x08001fb4   0x08001fb4   0x0000019c   Code   RO         3777    i.gizDataPoint2Event  gizwits_protocol.o
    0x08002150   0x08002150   0x00000108   Code   RO         3778    i.gizDataPoints2ReportData  gizwits_protocol.o
    0x08002258   0x08002258   0x000000bc   Code   RO         3779    i.gizDevReportPolicy  gizwits_protocol.o
    0x08002314   0x08002314   0x0000000c   Code   RO         3717    i.gizGetTimerCount  gizwits_product.o
    0x08002320   0x08002320   0x0000008c   Code   RO         3780    i.gizProtocolAckHandle  gizwits_protocol.o
    0x080023ac   0x080023ac   0x000000a0   Code   RO         3781    i.gizProtocolCommonAck  gizwits_protocol.o
    0x0800244c   0x0800244c   0x000000a4   Code   RO         3782    i.gizProtocolErrorCmd  gizwits_protocol.o
    0x080024f0   0x080024f0   0x0000017c   Code   RO         3783    i.gizProtocolGetDeviceInfo  gizwits_protocol.o
    0x0800266c   0x0800266c   0x000001a8   Code   RO         3784    i.gizProtocolGetOnePacket  gizwits_protocol.o
    0x08002814   0x08002814   0x00000050   Code   RO         3785    i.gizProtocolHeadInit  gizwits_protocol.o
    0x08002864   0x08002864   0x0000013c   Code   RO         3786    i.gizProtocolIssuedDataAck  gizwits_protocol.o
    0x080029a0   0x080029a0   0x00000110   Code   RO         3787    i.gizProtocolIssuedProcess  gizwits_protocol.o
    0x08002ab0   0x08002ab0   0x0000005c   Code   RO         3788    i.gizProtocolModuleInfoHandle  gizwits_protocol.o
    0x08002b0c   0x08002b0c   0x00000504   Code   RO         3789    i.gizProtocolModuleStatus  gizwits_protocol.o
    0x08003010   0x08003010   0x00000088   Code   RO         3790    i.gizProtocolNTP    gizwits_protocol.o
    0x08003098   0x08003098   0x0000001c   Code   RO         3791    i.gizProtocolReboot  gizwits_protocol.o
    0x080030b4   0x080030b4   0x0000007c   Code   RO         3792    i.gizProtocolResendData  gizwits_protocol.o
    0x08003130   0x08003130   0x00000026   Code   RO         3939    i.gizProtocolSum    common.o
    0x08003156   0x08003156   0x00000002   PAD
    0x08003158   0x08003158   0x00000064   Code   RO         3793    i.gizProtocolWaitAck  gizwits_protocol.o
    0x080031bc   0x080031bc   0x00000048   Code   RO         3794    i.gizProtocolWaitAckCheck  gizwits_protocol.o
    0x08003204   0x08003204   0x00000074   Code   RO         3795    i.gizPutData        gizwits_protocol.o
    0x08003278   0x08003278   0x000000d8   Code   RO         3796    i.gizReportData     gizwits_protocol.o
    0x08003350   0x08003350   0x00000080   Code   RO         4007    i.gizStandardCompressValue  datapointtools.o
    0x080033d0   0x080033d0   0x000000c2   Code   RO         4008    i.gizStandardDecompressionValue  datapointtools.o
    0x08003492   0x08003492   0x00000002   PAD
    0x08003494   0x08003494   0x00000010   Code   RO         3718    i.gizTimerMs        gizwits_product.o
    0x080034a4   0x080034a4   0x0000000e   Code   RO         4013    i.gizY2X            datapointtools.o
    0x080034b2   0x080034b2   0x0000002a   Code   RO         4014    i.gizY2XFloat       datapointtools.o
    0x080034dc   0x080034dc   0x00000270   Code   RO         3719    i.gizwitsEventProcess  gizwits_product.o
    0x0800374c   0x0800374c   0x00000318   Code   RO         3799    i.gizwitsHandle     gizwits_protocol.o
    0x08003a64   0x08003a64   0x00000064   Code   RO         3800    i.gizwitsInit       gizwits_protocol.o
    0x08003ac8   0x08003ac8   0x00000004   Code   RO          133    i.main              main.o
    0x08003acc   0x08003acc   0x00000030   Code   RO         3720    i.mcuRestart        gizwits_product.o
    0x08003afc   0x08003afc   0x00000016   Code   RO          328    i.mypow             lcd.o
    0x08003b12   0x08003b12   0x00000038   Code   RO         4071    i.rbCanRead         ringbuffer.o
    0x08003b4a   0x08003b4a   0x0000001e   Code   RO         4072    i.rbCanWrite        ringbuffer.o
    0x08003b68   0x08003b68   0x0000000e   Code   RO         4073    i.rbCapacity        ringbuffer.o
    0x08003b76   0x08003b76   0x00000016   Code   RO         4074    i.rbCreate          ringbuffer.o
    0x08003b8c   0x08003b8c   0x000000a2   Code   RO         4076    i.rbRead            ringbuffer.o
    0x08003c2e   0x08003c2e   0x0000009a   Code   RO         4077    i.rbWrite           ringbuffer.o
    0x08003cc8   0x08003cc8   0x0000027c   Code   RO          134    i.show_init         main.o
    0x08003f44   0x08003f44   0x00000058   Code   RO         3721    i.uartWrite         gizwits_product.o
    0x08003f9c   0x08003f9c   0x000000a0   Code   RO         3677    i.uart_init         usart.o
    0x0800403c   0x0800403c   0x000000b0   Code   RO          574    i.usart3_init       usart3.o
    0x080040ec   0x080040ec   0x00000062   Code   RO         4191    x$fpl$d2f           fz_ws.l(d2f.o)
    0x0800414e   0x0800414e   0x00000002   PAD
    0x08004150   0x08004150   0x00000154   Code   RO         4197    x$fpl$dmul          fz_ws.l(dmul.o)
    0x080042a4   0x080042a4   0x0000009c   Code   RO         4237    x$fpl$dnaninf       fz_ws.l(dnaninf.o)
    0x08004340   0x08004340   0x0000000c   Code   RO         4239    x$fpl$dretinf       fz_ws.l(dretinf.o)
    0x0800434c   0x0800434c   0x00000056   Code   RO         4199    x$fpl$f2d           fz_ws.l(f2d.o)
    0x080043a2   0x080043a2   0x00000002   PAD
    0x080043a4   0x080043a4   0x000000c4   Code   RO         4201    x$fpl$fadd          fz_ws.l(faddsub_clz.o)
    0x08004468   0x08004468   0x00000018   Code   RO         4241    x$fpl$fcmpinf       fz_ws.l(fcmpi.o)
    0x08004480   0x08004480   0x00000184   Code   RO         4208    x$fpl$fdiv          fz_ws.l(fdiv.o)
    0x08004604   0x08004604   0x00000068   Code   RO         4211    x$fpl$feqf          fz_ws.l(feqf.o)
    0x0800466c   0x0800466c   0x0000003e   Code   RO         4213    x$fpl$ffixu         fz_ws.l(ffixu.o)
    0x080046aa   0x080046aa   0x00000002   PAD
    0x080046ac   0x080046ac   0x00000026   Code   RO         4217    x$fpl$ffltu         fz_ws.l(fflt_clz.o)
    0x080046d2   0x080046d2   0x00000002   PAD
    0x080046d4   0x080046d4   0x00000102   Code   RO         4223    x$fpl$fmul          fz_ws.l(fmul.o)
    0x080047d6   0x080047d6   0x0000008c   Code   RO         4243    x$fpl$fnaninf       fz_ws.l(fnaninf.o)
    0x08004862   0x08004862   0x0000000a   Code   RO         4245    x$fpl$fretinf       fz_ws.l(fretinf.o)
    0x0800486c   0x0800486c   0x000000ea   Code   RO         4203    x$fpl$fsub          fz_ws.l(faddsub_clz.o)
    0x08004956   0x08004956   0x00000000   Code   RO         4247    x$fpl$usenofp       fz_ws.l(usenofp.o)
    0x08004956   0x08004956   0x0000391c   Data   RO          329    .constdata          lcd.o
    0x08008272   0x08008272   0x00000028   Data   RO         4139    .constdata          c_w.l(_printf_hex_int.o)
    0x0800829a   0x0800829a   0x00000011   Data   RO         4169    .constdata          c_w.l(__printf_flags_wp.o)
    0x080082ab   0x080082ab   0x00000001   PAD
    0x080082ac   0x080082ac   0x00000020   Data   RO         4414    Region$$Table       anon$$obj.o


    Execution Region RW_IRAM1 (Exec base: 0x20000000, Load base: 0x080082cc, Size: 0x00000918, Max: 0x0000c000, ABSOLUTE)

    Exec Addr    Load Addr    Size         Type   Attr      Idx    E Section Name        Object

    0x20000000   0x080082cc   0x00000014   Data   RW          102    .data               system_stm32f10x.o
    0x20000014   0x080082e0   0x00000001   Data   RW          137    .data               main.o
    0x20000015   0x080082e1   0x00000001   Data   RW          492    .data               key.o
    0x20000016   0x080082e2   0x00000014   Data   RW         2254    .data               stm32f10x_rcc.o
    0x2000002a   0x080082f6   0x00000004   Data   RW         3639    .data               delay.o
    0x2000002e   0x080082fa   0x00000002   PAD
    0x20000030   0x080082fc   0x00000006   Data   RW         3679    .data               usart.o
    0x20000036   0x08008302   0x00000002   PAD
    0x20000038   0x08008304   0x00000004   Data   RW         3723    .data               gizwits_product.o
    0x2000003c   0x08008308   0x00000010   Data   RW         3804    .data               gizwits_protocol.o
    0x2000004c        -       0x00000013   Zero   RW          135    .bss                main.o
    0x2000005f        -       0x000000c8   Zero   RW         3678    .bss                usart.o
    0x20000127        -       0x0000018a   Zero   RW         3803    .bss                gizwits_protocol.o
    0x200002b1   0x08008318   0x00000003   PAD
    0x200002b4        -       0x00000060   Zero   RW         4278    .bss                c_w.l(libspace.o)
    0x20000314   0x08008318   0x00000004   PAD
    0x20000318        -       0x00000200   Zero   RW          618    HEAP                startup_stm32f10x_hd.o
    0x20000518        -       0x00000400   Zero   RW          617    STACK               startup_stm32f10x_hd.o


==============================================================================

Image component sizes


      Code (inc. data)   RO Data    RW Data    ZI Data      Debug   Object Name

       238         14          0          0          0       2031   adc.o
        90          0          0          0          0       2408   common.o
         0          0          0          0          0         32   core_cm3.o
       100          6          0          0          0        672   dac.o
       470          0          0          0          0       5626   datapointtools.o
       144         22          0          4          0       1456   delay.o
       788        354          0          4          0      19717   gizwits_product.o
      6440       2210          0         16        394      20217   gizwits_protocol.o
       168         18          0          1          0       1290   key.o
       698         22      14620          0          0       7081   lcd.o
       840         28          0          0          0       4718   lcd_init.o
        56          6          0          0          0        579   led.o
       680        144          0          1         19     252127   main.o
       172         22          0          0          0       2401   misc.o
       438          0          0          0          0       4632   ringbuffer.o
        64         26        304          0       1536        828   startup_stm32f10x_hd.o
       486         24          0          0          0       9638   stm32f10x_adc.o
       160         22          0          0          0       3444   stm32f10x_dac.o
       448          6          0          0          0       5010   stm32f10x_gpio.o
        26          0          0          0          0      32402   stm32f10x_it.o
       364         50          0         20          0       6815   stm32f10x_rcc.o
       246         42          0          0          0       4066   stm32f10x_tim.o
       598         28          0          0          0       7548   stm32f10x_usart.o
       328         28          0         20          0       2517   system_stm32f10x.o
       128         12          0          0          0       1306   timer.o
       328         26          0          6        200       4628   usart.o
       216         16          0          0          0       1390   usart3.o

    ----------------------------------------------------------------------
     14738       3126      14956         76       2152     404579   Object Totals
         0          0         32          0          0          0   (incl. Generated)
        24          0          0          4          3          0   (incl. Padding)

    ----------------------------------------------------------------------

      Code (inc. data)   RO Data    RW Data    ZI Data      Debug   Library Member Name

         8          0          0          0          0         68   __main.o
       312          4         17          0          0         92   __printf_flags_wp.o
        14          0          0          0          0         68   __printf_wp.o
         0          0          0          0          0          0   __rtentry.o
        12          0          0          0          0          0   __rtentry2.o
         6          0          0          0          0          0   __rtentry4.o
        52          8          0          0          0          0   __scatter.o
        26          0          0          0          0          0   __scatter_copy.o
        28          0          0          0          0          0   __scatter_zi.o
        48          6          0          0          0         96   _printf_char_common.o
        36          4          0          0          0         80   _printf_char_file.o
         6          0          0          0          0          0   _printf_d.o
       120         16          0          0          0         92   _printf_dec.o
        88          4         40          0          0         88   _printf_hex_int.o
       178          0          0          0          0         88   _printf_intcommon.o
        78          0          0          0          0        108   _printf_pad.o
         0          0          0          0          0          0   _printf_percent.o
         4          0          0          0          0          0   _printf_percent_end.o
         6          0          0          0          0          0   _printf_x.o
        18          0          0          0          0         80   exit.o
         8          0          0          0          0         68   ferror.o
         6          0          0          0          0        152   heapauxi.o
         2          0          0          0          0          0   libinit.o
         2          0          0          0          0          0   libinit2.o
         2          0          0          0          0          0   libshutdown.o
         2          0          0          0          0          0   libshutdown2.o
         8          4          0          0         96         68   libspace.o
        24          4          0          0          0         84   noretval__2printf.o
        68          0          0          0          0         68   rt_memclr.o
        78          0          0          0          0         80   rt_memclr_w.o
       138          0          0          0          0         68   rt_memcpy_v6.o
       100          0          0          0          0         80   rt_memcpy_w.o
         2          0          0          0          0          0   rtexit.o
        10          0          0          0          0          0   rtexit2.o
        74          0          0          0          0         80   sys_stackheap_outer.o
         2          0          0          0          0         68   use_no_semi.o
         2          0          0          0          0         68   use_no_semi_2.o
        98          4          0          0          0         92   d2f.o
       340         12          0          0          0        104   dmul.o
       156          4          0          0          0         92   dnaninf.o
        12          0          0          0          0         68   dretinf.o
        86          4          0          0          0         84   f2d.o
       430          8          0          0          0        168   faddsub_clz.o
        24          0          0          0          0         68   fcmpi.o
       388         76          0          0          0         96   fdiv.o
       104          4          0          0          0         84   feqf.o
        62          4          0          0          0         84   ffixu.o
        38          0          0          0          0         68   fflt_clz.o
       258          4          0          0          0         84   fmul.o
       140          4          0          0          0         84   fnaninf.o
        10          0          0          0          0         68   fretinf.o
         0          0          0          0          0          0   usenofp.o

    ----------------------------------------------------------------------
      3732        174         58          0        100       2988   Library Totals
        18          0          1          0          4          0   (incl. Padding)

    ----------------------------------------------------------------------

      Code (inc. data)   RO Data    RW Data    ZI Data      Debug   Library Name

      1568         50         57          0         96       1744   c_w.l
      2146        124          0          0          0       1244   fz_ws.l

    ----------------------------------------------------------------------
      3732        174         58          0        100       2988   Library Totals

    ----------------------------------------------------------------------

==============================================================================


      Code (inc. data)   RO Data    RW Data    ZI Data      Debug   

     18470       3300      15014         76       2252     399399   Grand Totals
     18470       3300      15014         76       2252     399399   ELF Image Totals
     18470       3300      15014         76          0          0   ROM Totals

==============================================================================

    Total RO  Size (Code + RO Data)                33484 (  32.70kB)
    Total RW  Size (RW Data + ZI Data)              2328 (   2.27kB)
    Total ROM Size (Code + RO Data + RW Data)      33560 (  32.77kB)

==============================================================================

